<html>
<body>
<pre>
<h1>µVision Build Log</h1>
<h2>Project:</h2>
E:\Projekty\workspace-keil\STM32F1-TUNER\tuner.uvproj
Project File Date:  01/25/2013

<h2>Output:</h2>
Clean started: Project: 'tuner'
   deleting intermediate output files for target 'STM32F1-TUNER'
Build target 'STM32F1-TUNER'
compiling main.c...
compiling stm32f10x_it.c...
compiling system_stm32f10x.c...
compiling core_cm3.c...
compiling stm32f10x_rcc.c...
compiling stm32f10x_gpio.c...
assembling startup_stm32f10x_md.s...
linking...
Program Size: Code=2684 RO-data=268 RW-data=40 ZI-data=1632  
"tuner.axf" - 0 Error(s), 0 Warning(s).
Clean started: Project: 'tuner'
   deleting intermediate output files for target 'STM32F1-TUNER'
Build target 'STM32F1-TUNER'
compiling main.c...
compiling stm32f10x_it.c...
compiling system_stm32f10x.c...
compiling core_cm3.c...
compiling stm32f10x_rcc.c...
compiling stm32f10x_gpio.c...
assembling startup_stm32f10x_md.s...
linking...
Program Size: Code=2684 RO-data=268 RW-data=40 ZI-data=1632  
".\obj\tuner.axf" - 0 Error(s), 0 Warning(s).
Clean started: Project: 'tuner'
   deleting intermediate output files for target 'STM32F1-TUNER'
Build target 'STM32F1-TUNER'
compiling main.c...
C:\Keil\ARM\Inc\ST\STM32F10x\stm32f10x.h(8297): error:  #5: cannot open source input file "stm32f10x_conf.h": No such file or directory
compiling stm32f10x_it.c...
stm32f10x_it.c(25): error:  #5: cannot open source input file "stm32f10x_it.h": No such file or directory
compiling system_stm32f10x.c...
C:\Keil\ARM\Inc\ST\STM32F10x\stm32f10x.h(8297): error:  #5: cannot open source input file "stm32f10x_conf.h": No such file or directory
compiling core_cm3.c...
compiling stm32f10x_rcc.c...
C:\Keil\ARM\Inc\ST\STM32F10x\stm32f10x.h(8297): error:  #5: cannot open source input file "stm32f10x_conf.h": No such file or directory
compiling stm32f10x_gpio.c...
C:\Keil\ARM\Inc\ST\STM32F10x\stm32f10x.h(8297): error:  #5: cannot open source input file "stm32f10x_conf.h": No such file or directory
assembling startup_stm32f10x_md.s...
Target not created
Build target 'STM32F1-TUNER'
compiling main.c...
compiling stm32f10x_it.c...
compiling system_stm32f10x.c...
compiling stm32f10x_rcc.c...
compiling stm32f10x_gpio.c...
linking...
Program Size: Code=2684 RO-data=268 RW-data=40 ZI-data=1632  
".\obj\tuner.axf" - 0 Error(s), 0 Warning(s).
Load "E:\\Projekty\\workspace-keil\\STM32F1-TUNER\\obj\\tuner.AXF" 
Build target 'STM32F1-TUNER'
linking...
Program Size: Code=2684 RO-data=268 RW-data=40 ZI-data=1632  
".\obj\tuner.axf" - 0 Error(s), 0 Warning(s).
