ARM Linker, 4.1 [Build 894] [Standard]

==============================================================================

Section Cross References

    main.o(.text) refers to cfrcmple.o(.text) for __aeabi_cfrcmple
    main.o(.text) refers to fdiv.o(.text) for __aeabi_fdiv
    main.o(.text) refers to fadd.o(.text) for __aeabi_fadd
    main.o(.text) refers to fmul.o(.text) for __aeabi_fmul
    main.o(.text) refers to lcd_lib.o(.text) for LCD_WriteNumber
    main.o(.text) refers to fflti.o(.text) for __aeabi_i2f
    main.o(.text) refers to f2d.o(.text) for __aeabi_f2d
    main.o(.text) refers to log10.o(i.log10) for log10
    main.o(.text) refers to dmul.o(.text) for __aeabi_dmul
    main.o(.text) refers to dfixi.o(.text) for __aeabi_d2iz
    main.o(.text) refers to cfcmple.o(.text) for __aeabi_cfcmpeq
    main.o(.text) refers to d2f.o(.text) for __aeabi_d2f
    main.o(.text) refers to ffltui.o(.text) for __aeabi_ui2f
    main.o(.text) refers to ffixi.o(.text) for __aeabi_f2iz
    main.o(.text) refers to stm32f10x_adc.o(.text) for ADC_Init
    main.o(.text) refers to stm32f10x_dma.o(.text) for DMA_DeInit
    main.o(.text) refers to arm_rfft_init_q15.o(.text) for arm_rfft_init_q15
    main.o(.text) refers to stm32f10x_rcc.o(.text) for RCC_ADCCLKConfig
    main.o(.text) refers to stm32f10x_gpio.o(.text) for GPIO_PinRemapConfig
    main.o(.text) refers to main.o(.data) for tabHz
    main.o(.text) refers to main.o(.bss) for output
    main.o(.text) refers to printfb.o(i.__0printf$bare) for __2printf
    main.o(.text) refers to arm_float_to_q15.o(.text) for arm_float_to_q15
    main.o(.text) refers to arm_rfft_q15.o(.text) for arm_rfft_q15
    main.o(.text) refers to system_stm32f10x.o(.data) for SystemCoreClock
    main.o(.data) refers to main.o(.conststring) for .conststring
    stm32f10x_it.o(.text) refers to main.o(.text) for TimingDelay_Decrement
    lcd_lib.o(.text) refers to stm32f10x_gpio.o(.text) for GPIO_ResetBits
    lcd_lib.o(.text) refers to main.o(.text) for Delay
    lcd_lib.o(.text) refers to itoa.o(.text) for itoa
    lcd_lib.o(.text) refers to fmul.o(.text) for __aeabi_fmul
    lcd_lib.o(.text) refers to ffixi.o(.text) for __aeabi_f2iz
    itoa.o(.text) refers to itoa.o(.bss) for buffer
    system_stm32f10x.o(.text) refers to system_stm32f10x.o(.data) for SystemCoreClock
    stm32f10x_rcc.o(.text) refers to stm32f10x_rcc.o(.data) for APBAHBPrescTable
    stm32f10x_gpio.o(.text) refers to stm32f10x_rcc.o(.text) for RCC_APB2PeriphResetCmd
    stm32f10x_adc.o(.text) refers to stm32f10x_rcc.o(.text) for RCC_APB2PeriphResetCmd
    startup_stm32f10x_md.o(RESET) refers to startup_stm32f10x_md.o(STACK) for __initial_sp
    startup_stm32f10x_md.o(RESET) refers to startup_stm32f10x_md.o(.text) for Reset_Handler
    startup_stm32f10x_md.o(RESET) refers to stm32f10x_it.o(.text) for NMI_Handler
    startup_stm32f10x_md.o(.text) refers to system_stm32f10x.o(.text) for SystemInit
    startup_stm32f10x_md.o(.text) refers to entry.o(.ARM.Collect$$$$00000000) for __main
    arm_cfft_radix4_init_q15.o(.text) refers to arm_cfft_radix4_init_q15.o(.constdata) for twiddleCoefQ15
    arm_cfft_radix4_init_q15.o(.text) refers to arm_common_tables.o(.constdata) for armBitRevTable
    arm_dct4_init_q15.o(.text) refers to arm_rfft_init_q15.o(.text) for arm_rfft_init_q15
    arm_dct4_init_q15.o(.text) refers to arm_dct4_init_q15.o(.constdata) for .constdata
    arm_dct4_q15.o(.text) refers to arm_mult_q15.o(.text) for arm_mult_q15
    arm_dct4_q15.o(.text) refers to arm_shift_q15.o(.text) for arm_shift_q15
    arm_dct4_q15.o(.text) refers to arm_rfft_q15.o(.text) for arm_rfft_q15
    arm_dct4_q15.o(.text) refers to arm_cmplx_mult_cmplx_q15.o(.text) for arm_cmplx_mult_cmplx_q15
    arm_rfft_init_q15.o(.text) refers to arm_cfft_radix4_init_q15.o(.text) for arm_cfft_radix4_init_q15
    arm_rfft_init_q15.o(.text) refers to arm_rfft_init_q15.o(.constdata) for realCoefAQ15
    arm_rfft_q15.o(.text) refers to arm_cfft_radix4_q15.o(.text) for arm_radix4_butterfly_inverse_q15
    arm_sin_f32.o(.text) refers to fmul.o(.text) for __aeabi_fmul
    arm_sin_f32.o(.text) refers to ffixi.o(.text) for __aeabi_f2iz
    arm_sin_f32.o(.text) refers to cfcmple.o(.text) for __aeabi_cfcmple
    arm_sin_f32.o(.text) refers to fflti.o(.text) for __aeabi_i2f
    arm_sin_f32.o(.text) refers to fadd.o(.text) for __aeabi_frsub
    arm_sin_f32.o(.text) refers to ffltui.o(.text) for __aeabi_ui2f
    arm_sin_f32.o(.text) refers to ffixui.o(.text) for __aeabi_f2uiz
    arm_sin_f32.o(.text) refers to arm_sin_f32.o(.constdata) for sinTable
    arm_float_to_q15.o(.text) refers to fmul.o(.text) for __aeabi_fmul
    arm_float_to_q15.o(.text) refers to ffixi.o(.text) for __aeabi_f2iz
    log10.o(i.__softfp_log10) refers (Special) to iusefp.o(.text) for __I$use$fp
    log10.o(i.__softfp_log10) refers to log10.o(i.log10) for log10
    log10.o(i.log10) refers (Special) to iusefp.o(.text) for __I$use$fp
    log10.o(i.log10) refers to dscalb.o(.text) for __ARM_scalbn
    log10.o(i.log10) refers to errno.o(i.__set_errno) for __set_errno
    log10.o(i.log10) refers to ddiv.o(.text) for __aeabi_ddiv
    log10.o(i.log10) refers to dflti.o(.text) for __aeabi_i2d
    log10.o(i.log10) refers to log.o(i.log) for log
    log10.o(i.log10) refers to dmul.o(.text) for __aeabi_dmul
    log10.o(i.log10) refers to dadd.o(.text) for __aeabi_dadd
    log10_x.o(i.____softfp_log10$lsc) refers (Special) to iusefp.o(.text) for __I$use$fp
    log10_x.o(i.____softfp_log10$lsc) refers to log10_x.o(i.__log10$lsc) for __log10$lsc
    log10_x.o(i.__log10$lsc) refers (Special) to iusefp.o(.text) for __I$use$fp
    log10_x.o(i.__log10$lsc) refers to dscalb.o(.text) for __ARM_scalbn
    log10_x.o(i.__log10$lsc) refers to errno.o(i.__set_errno) for __set_errno
    log10_x.o(i.__log10$lsc) refers to dflti.o(.text) for __aeabi_i2d
    log10_x.o(i.__log10$lsc) refers to log.o(i.log) for log
    log10_x.o(i.__log10$lsc) refers to dmul.o(.text) for __aeabi_dmul
    log10_x.o(i.__log10$lsc) refers to dadd.o(.text) for __aeabi_dadd
    entry.o(.ARM.Collect$$$$00000000) refers (Special) to entry7b.o(.ARM.Collect$$$$00000008) for _main_clock
    entry.o(.ARM.Collect$$$$00000000) refers (Special) to entry8.o(.ARM.Collect$$$$00000009) for _main_init
    entry.o(.ARM.Collect$$$$00000000) refers (Special) to entry5.o(.ARM.Collect$$$$00000004) for _main_scatterload
    entry.o(.ARM.Collect$$$$00000000) refers (Special) to entry2.o(.ARM.Collect$$$$00000001) for _main_stk
    printfb.o(i.__0fprintf$bare) refers to printfb.o(i._printf_core) for _printf_core
    printfb.o(i.__0fprintf$bare) refers to retarget.o(.text) for fputc
    printfb.o(i.__0printf$bare) refers to printfb.o(i._printf_core) for _printf_core
    printfb.o(i.__0printf$bare) refers to retarget.o(.text) for fputc
    printfb.o(i.__0printf$bare) refers to retarget.o(.data) for __stdout
    printfb.o(i.__0snprintf$bare) refers to printfb.o(i._printf_core) for _printf_core
    printfb.o(i.__0snprintf$bare) refers to printfb.o(i._snputc) for _snputc
    printfb.o(i.__0sprintf$bare) refers to printfb.o(i._printf_core) for _printf_core
    printfb.o(i.__0sprintf$bare) refers to printfb.o(i._sputc) for _sputc
    printfb.o(i.__0vfprintf$bare) refers to printfb.o(i._printf_core) for _printf_core
    printfb.o(i.__0vfprintf$bare) refers to retarget.o(.text) for fputc
    printfb.o(i.__0vprintf$bare) refers to printfb.o(i._printf_core) for _printf_core
    printfb.o(i.__0vprintf$bare) refers to retarget.o(.text) for fputc
    printfb.o(i.__0vprintf$bare) refers to retarget.o(.data) for __stdout
    printfb.o(i.__0vsnprintf$bare) refers to printfb.o(i._printf_core) for _printf_core
    printfb.o(i.__0vsnprintf$bare) refers to printfb.o(i._snputc) for _snputc
    printfb.o(i.__0vsprintf$bare) refers to printfb.o(i._printf_core) for _printf_core
    printfb.o(i.__0vsprintf$bare) refers to printfb.o(i._sputc) for _sputc
    printf0.o(i.__0fprintf$0) refers to printf0.o(i._printf_core) for _printf_core
    printf0.o(i.__0fprintf$0) refers to retarget.o(.text) for fputc
    printf0.o(i.__0printf$0) refers to printf0.o(i._printf_core) for _printf_core
    printf0.o(i.__0printf$0) refers to retarget.o(.text) for fputc
    printf0.o(i.__0printf$0) refers to retarget.o(.data) for __stdout
    printf0.o(i.__0snprintf$0) refers to printf0.o(i._printf_core) for _printf_core
    printf0.o(i.__0snprintf$0) refers to printf0.o(i._snputc) for _snputc
    printf0.o(i.__0sprintf$0) refers to printf0.o(i._printf_core) for _printf_core
    printf0.o(i.__0sprintf$0) refers to printf0.o(i._sputc) for _sputc
    printf0.o(i.__0vfprintf$0) refers to printf0.o(i._printf_core) for _printf_core
    printf0.o(i.__0vfprintf$0) refers to retarget.o(.text) for fputc
    printf0.o(i.__0vprintf$0) refers to printf0.o(i._printf_core) for _printf_core
    printf0.o(i.__0vprintf$0) refers to retarget.o(.text) for fputc
    printf0.o(i.__0vprintf$0) refers to retarget.o(.data) for __stdout
    printf0.o(i.__0vsnprintf$0) refers to printf0.o(i._printf_core) for _printf_core
    printf0.o(i.__0vsnprintf$0) refers to printf0.o(i._snputc) for _snputc
    printf0.o(i.__0vsprintf$0) refers to printf0.o(i._printf_core) for _printf_core
    printf0.o(i.__0vsprintf$0) refers to printf0.o(i._sputc) for _sputc
    printf1.o(i.__0fprintf$1) refers to printf1.o(i._printf_core) for _printf_core
    printf1.o(i.__0fprintf$1) refers to retarget.o(.text) for fputc
    printf1.o(i.__0printf$1) refers to printf1.o(i._printf_core) for _printf_core
    printf1.o(i.__0printf$1) refers to retarget.o(.text) for fputc
    printf1.o(i.__0printf$1) refers to retarget.o(.data) for __stdout
    printf1.o(i.__0snprintf$1) refers to printf1.o(i._printf_core) for _printf_core
    printf1.o(i.__0snprintf$1) refers to printf1.o(i._snputc) for _snputc
    printf1.o(i.__0sprintf$1) refers to printf1.o(i._printf_core) for _printf_core
    printf1.o(i.__0sprintf$1) refers to printf1.o(i._sputc) for _sputc
    printf1.o(i.__0vfprintf$1) refers to printf1.o(i._printf_core) for _printf_core
    printf1.o(i.__0vfprintf$1) refers to retarget.o(.text) for fputc
    printf1.o(i.__0vprintf$1) refers to printf1.o(i._printf_core) for _printf_core
    printf1.o(i.__0vprintf$1) refers to retarget.o(.text) for fputc
    printf1.o(i.__0vprintf$1) refers to retarget.o(.data) for __stdout
    printf1.o(i.__0vsnprintf$1) refers to printf1.o(i._printf_core) for _printf_core
    printf1.o(i.__0vsnprintf$1) refers to printf1.o(i._snputc) for _snputc
    printf1.o(i.__0vsprintf$1) refers to printf1.o(i._printf_core) for _printf_core
    printf1.o(i.__0vsprintf$1) refers to printf1.o(i._sputc) for _sputc
    printf1.o(i._printf_core) refers to uidiv.o(.text) for __aeabi_uidivmod
    printf2.o(i.__0fprintf$2) refers to printf2.o(i._printf_core) for _printf_core
    printf2.o(i.__0fprintf$2) refers to retarget.o(.text) for fputc
    printf2.o(i.__0printf$2) refers to printf2.o(i._printf_core) for _printf_core
    printf2.o(i.__0printf$2) refers to retarget.o(.text) for fputc
    printf2.o(i.__0printf$2) refers to retarget.o(.data) for __stdout
    printf2.o(i.__0snprintf$2) refers to printf2.o(i._printf_core) for _printf_core
    printf2.o(i.__0snprintf$2) refers to printf2.o(i._snputc) for _snputc
    printf2.o(i.__0sprintf$2) refers to printf2.o(i._printf_core) for _printf_core
    printf2.o(i.__0sprintf$2) refers to printf2.o(i._sputc) for _sputc
    printf2.o(i.__0vfprintf$2) refers to printf2.o(i._printf_core) for _printf_core
    printf2.o(i.__0vfprintf$2) refers to retarget.o(.text) for fputc
    printf2.o(i.__0vprintf$2) refers to printf2.o(i._printf_core) for _printf_core
    printf2.o(i.__0vprintf$2) refers to retarget.o(.text) for fputc
    printf2.o(i.__0vprintf$2) refers to retarget.o(.data) for __stdout
    printf2.o(i.__0vsnprintf$2) refers to printf2.o(i._printf_core) for _printf_core
    printf2.o(i.__0vsnprintf$2) refers to printf2.o(i._snputc) for _snputc
    printf2.o(i.__0vsprintf$2) refers to printf2.o(i._printf_core) for _printf_core
    printf2.o(i.__0vsprintf$2) refers to printf2.o(i._sputc) for _sputc
    printf3.o(i.__0fprintf$3) refers to printf3.o(i._printf_core) for _printf_core
    printf3.o(i.__0fprintf$3) refers to retarget.o(.text) for fputc
    printf3.o(i.__0printf$3) refers to printf3.o(i._printf_core) for _printf_core
    printf3.o(i.__0printf$3) refers to retarget.o(.text) for fputc
    printf3.o(i.__0printf$3) refers to retarget.o(.data) for __stdout
    printf3.o(i.__0snprintf$3) refers to printf3.o(i._printf_core) for _printf_core
    printf3.o(i.__0snprintf$3) refers to printf3.o(i._snputc) for _snputc
    printf3.o(i.__0sprintf$3) refers to printf3.o(i._printf_core) for _printf_core
    printf3.o(i.__0sprintf$3) refers to printf3.o(i._sputc) for _sputc
    printf3.o(i.__0vfprintf$3) refers to printf3.o(i._printf_core) for _printf_core
    printf3.o(i.__0vfprintf$3) refers to retarget.o(.text) for fputc
    printf3.o(i.__0vprintf$3) refers to printf3.o(i._printf_core) for _printf_core
    printf3.o(i.__0vprintf$3) refers to retarget.o(.text) for fputc
    printf3.o(i.__0vprintf$3) refers to retarget.o(.data) for __stdout
    printf3.o(i.__0vsnprintf$3) refers to printf3.o(i._printf_core) for _printf_core
    printf3.o(i.__0vsnprintf$3) refers to printf3.o(i._snputc) for _snputc
    printf3.o(i.__0vsprintf$3) refers to printf3.o(i._printf_core) for _printf_core
    printf3.o(i.__0vsprintf$3) refers to printf3.o(i._sputc) for _sputc
    printf3.o(i._printf_core) refers to uidiv.o(.text) for __aeabi_uidivmod
    printf4.o(i.__0fprintf$4) refers to printf4.o(i._printf_core) for _printf_core
    printf4.o(i.__0fprintf$4) refers to retarget.o(.text) for fputc
    printf4.o(i.__0printf$4) refers to printf4.o(i._printf_core) for _printf_core
    printf4.o(i.__0printf$4) refers to retarget.o(.text) for fputc
    printf4.o(i.__0printf$4) refers to retarget.o(.data) for __stdout
    printf4.o(i.__0snprintf$4) refers to printf4.o(i._printf_core) for _printf_core
    printf4.o(i.__0snprintf$4) refers to printf4.o(i._snputc) for _snputc
    printf4.o(i.__0sprintf$4) refers to printf4.o(i._printf_core) for _printf_core
    printf4.o(i.__0sprintf$4) refers to printf4.o(i._sputc) for _sputc
    printf4.o(i.__0vfprintf$4) refers to printf4.o(i._printf_core) for _printf_core
    printf4.o(i.__0vfprintf$4) refers to retarget.o(.text) for fputc
    printf4.o(i.__0vprintf$4) refers to printf4.o(i._printf_core) for _printf_core
    printf4.o(i.__0vprintf$4) refers to retarget.o(.text) for fputc
    printf4.o(i.__0vprintf$4) refers to retarget.o(.data) for __stdout
    printf4.o(i.__0vsnprintf$4) refers to printf4.o(i._printf_core) for _printf_core
    printf4.o(i.__0vsnprintf$4) refers to printf4.o(i._snputc) for _snputc
    printf4.o(i.__0vsprintf$4) refers to printf4.o(i._printf_core) for _printf_core
    printf4.o(i.__0vsprintf$4) refers to printf4.o(i._sputc) for _sputc
    printf4.o(i._printf_core) refers to uldiv.o(.text) for __aeabi_uldivmod
    printf5.o(i.__0fprintf$5) refers to printf5.o(i._printf_core) for _printf_core
    printf5.o(i.__0fprintf$5) refers to retarget.o(.text) for fputc
    printf5.o(i.__0printf$5) refers to printf5.o(i._printf_core) for _printf_core
    printf5.o(i.__0printf$5) refers to retarget.o(.text) for fputc
    printf5.o(i.__0printf$5) refers to retarget.o(.data) for __stdout
    printf5.o(i.__0snprintf$5) refers to printf5.o(i._printf_core) for _printf_core
    printf5.o(i.__0snprintf$5) refers to printf5.o(i._snputc) for _snputc
    printf5.o(i.__0sprintf$5) refers to printf5.o(i._printf_core) for _printf_core
    printf5.o(i.__0sprintf$5) refers to printf5.o(i._sputc) for _sputc
    printf5.o(i.__0vfprintf$5) refers to printf5.o(i._printf_core) for _printf_core
    printf5.o(i.__0vfprintf$5) refers to retarget.o(.text) for fputc
    printf5.o(i.__0vprintf$5) refers to printf5.o(i._printf_core) for _printf_core
    printf5.o(i.__0vprintf$5) refers to retarget.o(.text) for fputc
    printf5.o(i.__0vprintf$5) refers to retarget.o(.data) for __stdout
    printf5.o(i.__0vsnprintf$5) refers to printf5.o(i._printf_core) for _printf_core
    printf5.o(i.__0vsnprintf$5) refers to printf5.o(i._snputc) for _snputc
    printf5.o(i.__0vsprintf$5) refers to printf5.o(i._printf_core) for _printf_core
    printf5.o(i.__0vsprintf$5) refers to printf5.o(i._sputc) for _sputc
    printf5.o(i._printf_core) refers to uldiv.o(.text) for __aeabi_uldivmod
    printf6.o(i.__0fprintf$6) refers to printf6.o(i._printf_core) for _printf_core
    printf6.o(i.__0fprintf$6) refers to retarget.o(.text) for fputc
    printf6.o(i.__0printf$6) refers to printf6.o(i._printf_core) for _printf_core
    printf6.o(i.__0printf$6) refers to retarget.o(.text) for fputc
    printf6.o(i.__0printf$6) refers to retarget.o(.data) for __stdout
    printf6.o(i.__0snprintf$6) refers to printf6.o(i._printf_core) for _printf_core
    printf6.o(i.__0snprintf$6) refers to printf6.o(i._snputc) for _snputc
    printf6.o(i.__0sprintf$6) refers to printf6.o(i._printf_core) for _printf_core
    printf6.o(i.__0sprintf$6) refers to printf6.o(i._sputc) for _sputc
    printf6.o(i.__0vfprintf$6) refers to printf6.o(i._printf_core) for _printf_core
    printf6.o(i.__0vfprintf$6) refers to retarget.o(.text) for fputc
    printf6.o(i.__0vprintf$6) refers to printf6.o(i._printf_core) for _printf_core
    printf6.o(i.__0vprintf$6) refers to retarget.o(.text) for fputc
    printf6.o(i.__0vprintf$6) refers to retarget.o(.data) for __stdout
    printf6.o(i.__0vsnprintf$6) refers to printf6.o(i._printf_core) for _printf_core
    printf6.o(i.__0vsnprintf$6) refers to printf6.o(i._snputc) for _snputc
    printf6.o(i.__0vsprintf$6) refers to printf6.o(i._printf_core) for _printf_core
    printf6.o(i.__0vsprintf$6) refers to printf6.o(i._sputc) for _sputc
    printf6.o(i._printf_core) refers to printf6.o(i._printf_pre_padding) for _printf_pre_padding
    printf6.o(i._printf_core) refers to uidiv.o(.text) for __aeabi_uidivmod
    printf6.o(i._printf_core) refers to printf6.o(i._printf_post_padding) for _printf_post_padding
    printf7.o(i.__0fprintf$7) refers to printf7.o(i._printf_core) for _printf_core
    printf7.o(i.__0fprintf$7) refers to retarget.o(.text) for fputc
    printf7.o(i.__0printf$7) refers to printf7.o(i._printf_core) for _printf_core
    printf7.o(i.__0printf$7) refers to retarget.o(.text) for fputc
    printf7.o(i.__0printf$7) refers to retarget.o(.data) for __stdout
    printf7.o(i.__0snprintf$7) refers to printf7.o(i._printf_core) for _printf_core
    printf7.o(i.__0snprintf$7) refers to printf7.o(i._snputc) for _snputc
    printf7.o(i.__0sprintf$7) refers to printf7.o(i._printf_core) for _printf_core
    printf7.o(i.__0sprintf$7) refers to printf7.o(i._sputc) for _sputc
    printf7.o(i.__0vfprintf$7) refers to printf7.o(i._printf_core) for _printf_core
    printf7.o(i.__0vfprintf$7) refers to retarget.o(.text) for fputc
    printf7.o(i.__0vprintf$7) refers to printf7.o(i._printf_core) for _printf_core
    printf7.o(i.__0vprintf$7) refers to retarget.o(.text) for fputc
    printf7.o(i.__0vprintf$7) refers to retarget.o(.data) for __stdout
    printf7.o(i.__0vsnprintf$7) refers to printf7.o(i._printf_core) for _printf_core
    printf7.o(i.__0vsnprintf$7) refers to printf7.o(i._snputc) for _snputc
    printf7.o(i.__0vsprintf$7) refers to printf7.o(i._printf_core) for _printf_core
    printf7.o(i.__0vsprintf$7) refers to printf7.o(i._sputc) for _sputc
    printf7.o(i._printf_core) refers to printf7.o(i._printf_pre_padding) for _printf_pre_padding
    printf7.o(i._printf_core) refers to uldiv.o(.text) for __aeabi_uldivmod
    printf7.o(i._printf_core) refers to printf7.o(i._printf_post_padding) for _printf_post_padding
    printf8.o(i.__0fprintf$8) refers to printf8.o(i._printf_core) for _printf_core
    printf8.o(i.__0fprintf$8) refers to retarget.o(.text) for fputc
    printf8.o(i.__0printf$8) refers to printf8.o(i._printf_core) for _printf_core
    printf8.o(i.__0printf$8) refers to retarget.o(.text) for fputc
    printf8.o(i.__0printf$8) refers to retarget.o(.data) for __stdout
    printf8.o(i.__0snprintf$8) refers to printf8.o(i._printf_core) for _printf_core
    printf8.o(i.__0snprintf$8) refers to printf8.o(i._snputc) for _snputc
    printf8.o(i.__0sprintf$8) refers to printf8.o(i._printf_core) for _printf_core
    printf8.o(i.__0sprintf$8) refers to printf8.o(i._sputc) for _sputc
    printf8.o(i.__0vfprintf$8) refers to printf8.o(i._printf_core) for _printf_core
    printf8.o(i.__0vfprintf$8) refers to retarget.o(.text) for fputc
    printf8.o(i.__0vprintf$8) refers to printf8.o(i._printf_core) for _printf_core
    printf8.o(i.__0vprintf$8) refers to retarget.o(.text) for fputc
    printf8.o(i.__0vprintf$8) refers to retarget.o(.data) for __stdout
    printf8.o(i.__0vsnprintf$8) refers to printf8.o(i._printf_core) for _printf_core
    printf8.o(i.__0vsnprintf$8) refers to printf8.o(i._snputc) for _snputc
    printf8.o(i.__0vsprintf$8) refers to printf8.o(i._printf_core) for _printf_core
    printf8.o(i.__0vsprintf$8) refers to printf8.o(i._sputc) for _sputc
    printf8.o(i._printf_core) refers to printf8.o(i._printf_pre_padding) for _printf_pre_padding
    printf8.o(i._printf_core) refers to uldiv.o(.text) for __aeabi_uldivmod
    printf8.o(i._printf_core) refers to printf8.o(i._printf_post_padding) for _printf_post_padding
    printfa.o(i.__0fprintf) refers (Special) to iusefp.o(.text) for __I$use$fp
    printfa.o(i.__0fprintf) refers to printfa.o(i._printf_core) for _printf_core
    printfa.o(i.__0fprintf) refers to retarget.o(.text) for fputc
    printfa.o(i.__0printf) refers (Special) to iusefp.o(.text) for __I$use$fp
    printfa.o(i.__0printf) refers to printfa.o(i._printf_core) for _printf_core
    printfa.o(i.__0printf) refers to retarget.o(.text) for fputc
    printfa.o(i.__0printf) refers to retarget.o(.data) for __stdout
    printfa.o(i.__0snprintf) refers (Special) to iusefp.o(.text) for __I$use$fp
    printfa.o(i.__0snprintf) refers to printfa.o(i._printf_core) for _printf_core
    printfa.o(i.__0snprintf) refers to printfa.o(i._snputc) for _snputc
    printfa.o(i.__0sprintf) refers (Special) to iusefp.o(.text) for __I$use$fp
    printfa.o(i.__0sprintf) refers to printfa.o(i._printf_core) for _printf_core
    printfa.o(i.__0sprintf) refers to printfa.o(i._sputc) for _sputc
    printfa.o(i.__0vfprintf) refers (Special) to iusefp.o(.text) for __I$use$fp
    printfa.o(i.__0vfprintf) refers to printfa.o(i._printf_core) for _printf_core
    printfa.o(i.__0vfprintf) refers to retarget.o(.text) for fputc
    printfa.o(i.__0vprintf) refers (Special) to iusefp.o(.text) for __I$use$fp
    printfa.o(i.__0vprintf) refers to printfa.o(i._printf_core) for _printf_core
    printfa.o(i.__0vprintf) refers to retarget.o(.text) for fputc
    printfa.o(i.__0vprintf) refers to retarget.o(.data) for __stdout
    printfa.o(i.__0vsnprintf) refers (Special) to iusefp.o(.text) for __I$use$fp
    printfa.o(i.__0vsnprintf) refers to printfa.o(i._printf_core) for _printf_core
    printfa.o(i.__0vsnprintf) refers to printfa.o(i._snputc) for _snputc
    printfa.o(i.__0vsprintf) refers (Special) to iusefp.o(.text) for __I$use$fp
    printfa.o(i.__0vsprintf) refers to printfa.o(i._printf_core) for _printf_core
    printfa.o(i.__0vsprintf) refers to printfa.o(i._sputc) for _sputc
    printfa.o(i._fp_digits) refers (Special) to iusefp.o(.text) for __I$use$fp
    printfa.o(i._fp_digits) refers to dmul.o(.text) for __aeabi_dmul
    printfa.o(i._fp_digits) refers to ddiv.o(.text) for __aeabi_ddiv
    printfa.o(i._fp_digits) refers to cdrcmple.o(.text) for __aeabi_cdrcmple
    printfa.o(i._fp_digits) refers to dadd.o(.text) for __aeabi_dadd
    printfa.o(i._fp_digits) refers to dfixul.o(.text) for __aeabi_d2ulz
    printfa.o(i._fp_digits) refers to uldiv.o(.text) for __aeabi_uldivmod
    printfa.o(i._printf_core) refers (Special) to iusefp.o(.text) for __I$use$fp
    printfa.o(i._printf_core) refers to printfa.o(i._printf_pre_padding) for _printf_pre_padding
    printfa.o(i._printf_core) refers to uldiv.o(.text) for __aeabi_uldivmod
    printfa.o(i._printf_core) refers to printfa.o(i._printf_post_padding) for _printf_post_padding
    printfa.o(i._printf_core) refers to printfa.o(i._fp_digits) for _fp_digits
    printfa.o(i._printf_core) refers to uidiv.o(.text) for __aeabi_uidivmod
    printfa.o(i._printf_post_padding) refers (Special) to iusefp.o(.text) for __I$use$fp
    printfa.o(i._printf_pre_padding) refers (Special) to iusefp.o(.text) for __I$use$fp
    printfa.o(i._snputc) refers (Special) to iusefp.o(.text) for __I$use$fp
    printfa.o(i._sputc) refers (Special) to iusefp.o(.text) for __I$use$fp
    fadd.o(.text) refers (Special) to iusefp.o(.text) for __I$use$fp
    fadd.o(.text) refers to fepilogue.o(.text) for _float_epilogue
    fmul.o(.text) refers (Special) to iusefp.o(.text) for __I$use$fp
    fdiv.o(.text) refers (Special) to iusefp.o(.text) for __I$use$fp
    fdiv.o(.text) refers to fepilogue.o(.text) for _float_round
    dmul.o(.text) refers (Special) to iusefp.o(.text) for __I$use$fp
    dmul.o(.text) refers to depilogue.o(.text) for _double_epilogue
    fflti.o(.text) refers (Special) to iusefp.o(.text) for __I$use$fp
    fflti.o(.text) refers to fepilogue.o(.text) for _float_epilogue
    ffltui.o(.text) refers (Special) to iusefp.o(.text) for __I$use$fp
    ffltui.o(.text) refers to fepilogue.o(.text) for _float_epilogue
    ffixi.o(.text) refers (Special) to iusefp.o(.text) for __I$use$fp
    ffixui.o(.text) refers (Special) to iusefp.o(.text) for __I$use$fp
    dfixi.o(.text) refers (Special) to iusefp.o(.text) for __I$use$fp
    dfixi.o(.text) refers to llushr.o(.text) for __aeabi_llsr
    f2d.o(.text) refers (Special) to iusefp.o(.text) for __I$use$fp
    d2f.o(.text) refers (Special) to iusefp.o(.text) for __I$use$fp
    d2f.o(.text) refers to fepilogue.o(.text) for _float_round
    cfcmple.o(.text) refers (Special) to iusefp.o(.text) for __I$use$fp
    cfrcmple.o(.text) refers (Special) to iusefp.o(.text) for __I$use$fp
    log.o(i.__softfp_log) refers (Special) to iusefp.o(.text) for __I$use$fp
    log.o(i.__softfp_log) refers to log.o(i.log) for log
    log.o(i.log) refers (Special) to iusefp.o(.text) for __I$use$fp
    log.o(i.log) refers to dscalb.o(.text) for __ARM_scalbn
    log.o(i.log) refers to errno.o(i.__set_errno) for __set_errno
    log.o(i.log) refers to ddiv.o(.text) for __aeabi_ddiv
    log.o(i.log) refers to dadd.o(.text) for __aeabi_dsub
    log.o(i.log) refers to cdcmple.o(.text) for __aeabi_cdcmpeq
    log.o(i.log) refers to dflti.o(.text) for __aeabi_i2d
    log.o(i.log) refers to dmul.o(.text) for __aeabi_dmul
    log.o(i.log) refers to poly.o(i.__kernel_poly) for __kernel_poly
    log.o(i.log) refers to qnan.o(.constdata) for __mathlib_zero
    log.o(i.log) refers to log.o(.constdata) for .constdata
    log.o(.constdata) refers (Special) to iusefp.o(.text) for __I$use$fp
    log_x.o(i.____softfp_log$lsc) refers (Special) to iusefp.o(.text) for __I$use$fp
    log_x.o(i.____softfp_log$lsc) refers to log_x.o(i.__log$lsc) for __log$lsc
    log_x.o(i.__log$lsc) refers (Special) to iusefp.o(.text) for __I$use$fp
    log_x.o(i.__log$lsc) refers to dscalb.o(.text) for __ARM_scalbn
    log_x.o(i.__log$lsc) refers to errno.o(i.__set_errno) for __set_errno
    log_x.o(i.__log$lsc) refers to dadd.o(.text) for __aeabi_dsub
    log_x.o(i.__log$lsc) refers to cdcmple.o(.text) for __aeabi_cdcmpeq
    log_x.o(i.__log$lsc) refers to dflti.o(.text) for __aeabi_i2d
    log_x.o(i.__log$lsc) refers to dmul.o(.text) for __aeabi_dmul
    log_x.o(i.__log$lsc) refers to ddiv.o(.text) for __aeabi_ddiv
    log_x.o(i.__log$lsc) refers to poly.o(i.__kernel_poly) for __kernel_poly
    log_x.o(i.__log$lsc) refers to qnan.o(.constdata) for __mathlib_zero
    log_x.o(i.__log$lsc) refers to log_x.o(.constdata) for .constdata
    log_x.o(.constdata) refers (Special) to iusefp.o(.text) for __I$use$fp
    entry2.o(.ARM.Collect$$$$00000001) refers to entry2.o(.ARM.Collect$$$$00002712) for __lit__00000000
    entry2.o(.ARM.Collect$$$$00002712) refers to startup_stm32f10x_md.o(STACK) for __initial_sp
    entry2.o(__vectab_stack_and_reset_area) refers to startup_stm32f10x_md.o(STACK) for __initial_sp
    entry2.o(__vectab_stack_and_reset_area) refers to entry.o(.ARM.Collect$$$$00000000) for __main
    entry5.o(.ARM.Collect$$$$00000004) refers to init.o(.text) for __scatterload
    entry8.o(.ARM.Collect$$$$00000009) refers to main.o(.text) for main
    uldiv.o(.text) refers to llushr.o(.text) for __aeabi_llsr
    uldiv.o(.text) refers to llshl.o(.text) for __aeabi_llsl
    errno.o(i.__aeabi_errno_addr) refers to errno.o(.data) for .data
    errno.o(i.__read_errno) refers to errno.o(.data) for .data
    errno.o(i.__set_errno) refers to errno.o(.data) for .data
    depilogue.o(.text) refers to llshl.o(.text) for __aeabi_llsl
    depilogue.o(.text) refers to llushr.o(.text) for __aeabi_llsr
    dadd.o(.text) refers to llshl.o(.text) for __aeabi_llsl
    dadd.o(.text) refers to llsshr.o(.text) for __aeabi_lasr
    dadd.o(.text) refers to depilogue.o(.text) for _double_epilogue
    ddiv.o(.text) refers to depilogue.o(.text) for _double_round
    dflti.o(.text) refers to depilogue.o(.text) for _double_epilogue
    dfixul.o(.text) refers to llushr.o(.text) for __aeabi_llsr
    dfixul.o(.text) refers to llshl.o(.text) for __aeabi_llsl
    poly.o(i.__kernel_poly) refers (Special) to iusefp.o(.text) for __I$use$fp
    poly.o(i.__kernel_poly) refers to dmul.o(.text) for __aeabi_dmul
    poly.o(i.__kernel_poly) refers to dadd.o(.text) for __aeabi_dadd
    qnan.o(.constdata) refers (Special) to iusefp.o(.text) for __I$use$fp
    init.o(.text) refers to entry5.o(.ARM.Collect$$$$00000004) for __main_after_scatterload


==============================================================================

Removing Unused input sections from the image.

    Removing main.o(.rev16_text), (4 bytes).
    Removing main.o(.revsh_text), (4 bytes).
    Removing stm32f10x_it.o(.rev16_text), (4 bytes).
    Removing stm32f10x_it.o(.revsh_text), (4 bytes).
    Removing lcd_lib.o(.rev16_text), (4 bytes).
    Removing lcd_lib.o(.revsh_text), (4 bytes).
    Removing retarget.o(.rev16_text), (4 bytes).
    Removing retarget.o(.revsh_text), (4 bytes).
    Removing system_stm32f10x.o(.rev16_text), (4 bytes).
    Removing system_stm32f10x.o(.revsh_text), (4 bytes).
    Removing core_cm3.o(.emb_text), (32 bytes).
    Removing stm32f10x_rcc.o(.rev16_text), (4 bytes).
    Removing stm32f10x_rcc.o(.revsh_text), (4 bytes).
    Removing stm32f10x_gpio.o(.rev16_text), (4 bytes).
    Removing stm32f10x_gpio.o(.revsh_text), (4 bytes).
    Removing stm32f10x_dma.o(.rev16_text), (4 bytes).
    Removing stm32f10x_dma.o(.revsh_text), (4 bytes).
    Removing stm32f10x_adc.o(.rev16_text), (4 bytes).
    Removing stm32f10x_adc.o(.revsh_text), (4 bytes).
    Removing startup_stm32f10x_md.o(HEAP), (512 bytes).
    Removing arm_cfft_radix4_init_q15.o(.rev16_text), (4 bytes).
    Removing arm_cfft_radix4_init_q15.o(.revsh_text), (4 bytes).
    Removing arm_cfft_radix4_q15.o(.rev16_text), (4 bytes).
    Removing arm_cfft_radix4_q15.o(.revsh_text), (4 bytes).
    Removing arm_dct4_init_q15.o(.rev16_text), (4 bytes).
    Removing arm_dct4_init_q15.o(.revsh_text), (4 bytes).
    Removing arm_dct4_init_q15.o(.text), (148 bytes).
    Removing arm_dct4_init_q15.o(.constdata), (16152 bytes).
    Removing arm_dct4_q15.o(.rev16_text), (4 bytes).
    Removing arm_dct4_q15.o(.revsh_text), (4 bytes).
    Removing arm_dct4_q15.o(.text), (448 bytes).
    Removing arm_rfft_init_q15.o(.rev16_text), (4 bytes).
    Removing arm_rfft_init_q15.o(.revsh_text), (4 bytes).
    Removing arm_rfft_q15.o(.rev16_text), (4 bytes).
    Removing arm_rfft_q15.o(.revsh_text), (4 bytes).
    Removing arm_common_tables.o(.rev16_text), (4 bytes).
    Removing arm_common_tables.o(.revsh_text), (4 bytes).
    Removing arm_cmplx_mult_cmplx_q15.o(.rev16_text), (4 bytes).
    Removing arm_cmplx_mult_cmplx_q15.o(.revsh_text), (4 bytes).
    Removing arm_cmplx_mult_cmplx_q15.o(.text), (314 bytes).
    Removing arm_mult_q15.o(.rev16_text), (4 bytes).
    Removing arm_mult_q15.o(.revsh_text), (4 bytes).
    Removing arm_mult_q15.o(.text), (118 bytes).
    Removing arm_shift_q15.o(.rev16_text), (4 bytes).
    Removing arm_shift_q15.o(.revsh_text), (4 bytes).
    Removing arm_shift_q15.o(.text), (222 bytes).
    Removing arm_sin_f32.o(.rev16_text), (4 bytes).
    Removing arm_sin_f32.o(.revsh_text), (4 bytes).
    Removing arm_sin_f32.o(.text), (492 bytes).
    Removing arm_sin_f32.o(.constdata), (1036 bytes).
    Removing arm_float_to_q15.o(.rev16_text), (4 bytes).
    Removing arm_float_to_q15.o(.revsh_text), (4 bytes).
    Removing minunit.o(.rev16_text), (4 bytes).
    Removing minunit.o(.revsh_text), (4 bytes).
    Removing ffixui.o(.text), (40 bytes).
    Removing dfixul.o(.text), (48 bytes).
    Removing cdrcmple.o(.text), (40 bytes).

57 unused section(s) (total 19778 bytes) removed from the image.

==============================================================================

Image Symbol Table

    Local Symbols

    Symbol Name                              Value     Ov Type        Size  Object(Section)

    ../../log.c                              0x00000000   Number         0  log_x.o ABSOLUTE
    ../../log.c                              0x00000000   Number         0  log.o ABSOLUTE
    ../../log10.c                            0x00000000   Number         0  log10_x.o ABSOLUTE
    ../../log10.c                            0x00000000   Number         0  log10.o ABSOLUTE
    ../../microlib/d2f.c                     0x00000000   Number         0  d2f.o ABSOLUTE
    ../../microlib/division.c                0x00000000   Number         0  uldiv.o ABSOLUTE
    ../../microlib/division.c                0x00000000   Number         0  uidiv.o ABSOLUTE
    ../../microlib/errno.c                   0x00000000   Number         0  errno.o ABSOLUTE
    ../../microlib/f2d.c                     0x00000000   Number         0  f2d.o ABSOLUTE
    ../../microlib/fpadd.c                   0x00000000   Number         0  dadd.o ABSOLUTE
    ../../microlib/fpadd.c                   0x00000000   Number         0  fadd.o ABSOLUTE
    ../../microlib/fpdiv.c                   0x00000000   Number         0  ddiv.o ABSOLUTE
    ../../microlib/fpdiv.c                   0x00000000   Number         0  fdiv.o ABSOLUTE
    ../../microlib/fpepilogue.c              0x00000000   Number         0  depilogue.o ABSOLUTE
    ../../microlib/fpepilogue.c              0x00000000   Number         0  fepilogue.o ABSOLUTE
    ../../microlib/fpfix.c                   0x00000000   Number         0  ffixi.o ABSOLUTE
    ../../microlib/fpfix.c                   0x00000000   Number         0  ffixui.o ABSOLUTE
    ../../microlib/fpfix.c                   0x00000000   Number         0  dfixi.o ABSOLUTE
    ../../microlib/fpfix.c                   0x00000000   Number         0  dfixul.o ABSOLUTE
    ../../microlib/fpflt.c                   0x00000000   Number         0  fflti.o ABSOLUTE
    ../../microlib/fpflt.c                   0x00000000   Number         0  ffltui.o ABSOLUTE
    ../../microlib/fpflt.c                   0x00000000   Number         0  dflti.o ABSOLUTE
    ../../microlib/fpmul.c                   0x00000000   Number         0  fmul.o ABSOLUTE
    ../../microlib/fpmul.c                   0x00000000   Number         0  dmul.o ABSOLUTE
    ../../microlib/fpscalb.c                 0x00000000   Number         0  dscalb.o ABSOLUTE
    ../../microlib/init/entry.s              0x00000000   Number         0  entry.o ABSOLUTE
    ../../microlib/init/entry.s              0x00000000   Number         0  entry8.o ABSOLUTE
    ../../microlib/init/entry.s              0x00000000   Number         0  entry7b.o ABSOLUTE
    ../../microlib/init/entry.s              0x00000000   Number         0  entry7a.o ABSOLUTE
    ../../microlib/init/entry.s              0x00000000   Number         0  entry5.o ABSOLUTE
    ../../microlib/init/entry.s              0x00000000   Number         0  entry2.o ABSOLUTE
    ../../microlib/longlong.c                0x00000000   Number         0  llushr.o ABSOLUTE
    ../../microlib/longlong.c                0x00000000   Number         0  llshl.o ABSOLUTE
    ../../microlib/longlong.c                0x00000000   Number         0  llsshr.o ABSOLUTE
    ../../microlib/printf/printf.c           0x00000000   Number         0  printf7.o ABSOLUTE
    ../../microlib/printf/printf.c           0x00000000   Number         0  printf0.o ABSOLUTE
    ../../microlib/printf/printf.c           0x00000000   Number         0  printf2.o ABSOLUTE
    ../../microlib/printf/printf.c           0x00000000   Number         0  printf3.o ABSOLUTE
    ../../microlib/printf/printf.c           0x00000000   Number         0  printf4.o ABSOLUTE
    ../../microlib/printf/printf.c           0x00000000   Number         0  printf5.o ABSOLUTE
    ../../microlib/printf/printf.c           0x00000000   Number         0  printf6.o ABSOLUTE
    ../../microlib/printf/printf.c           0x00000000   Number         0  printf1.o ABSOLUTE
    ../../microlib/printf/printf.c           0x00000000   Number         0  printf8.o ABSOLUTE
    ../../microlib/printf/printf.c           0x00000000   Number         0  printfa.o ABSOLUTE
    ../../microlib/printf/printf.c           0x00000000   Number         0  printfb.o ABSOLUTE
    ../../microlib/stubs.s                   0x00000000   Number         0  iusefp.o ABSOLUTE
    ../../microlib/stubs.s                   0x00000000   Number         0  useno.o ABSOLUTE
    ../../poly.c                             0x00000000   Number         0  poly.o ABSOLUTE
    ../../qnan.c                             0x00000000   Number         0  qnan.o ABSOLUTE
    Libraries\CMSIS\CM3\CoreSupport\core_cm3.c 0x00000000   Number         0  core_cm3.o ABSOLUTE
    Libraries\CMSIS\CM3\DeviceSupport\ST\STM32F10x\startup\arm\startup_stm32f10x_md.s 0x00000000   Number         0  startup_stm32f10x_md.o ABSOLUTE
    Libraries\DSP_Lib\Source\Cortex-M4-M3\BasicMathFunctions\arm_mult_q15.c 0x00000000   Number         0  arm_mult_q15.o ABSOLUTE
    Libraries\DSP_Lib\Source\Cortex-M4-M3\BasicMathFunctions\arm_shift_q15.c 0x00000000   Number         0  arm_shift_q15.o ABSOLUTE
    Libraries\DSP_Lib\Source\Cortex-M4-M3\CommonTables\arm_common_tables.c 0x00000000   Number         0  arm_common_tables.o ABSOLUTE
    Libraries\DSP_Lib\Source\Cortex-M4-M3\ComplexMathFunctions\arm_cmplx_mult_cmplx_q15.c 0x00000000   Number         0  arm_cmplx_mult_cmplx_q15.o ABSOLUTE
    Libraries\DSP_Lib\Source\Cortex-M4-M3\FastMathFunctions\arm_sin_f32.c 0x00000000   Number         0  arm_sin_f32.o ABSOLUTE
    Libraries\DSP_Lib\Source\Cortex-M4-M3\SupportFunctions\arm_float_to_q15.c 0x00000000   Number         0  arm_float_to_q15.o ABSOLUTE
    Libraries\DSP_Lib\Source\Cortex-M4-M3\TransformFunctions\arm_cfft_radix4_init_q15.c 0x00000000   Number         0  arm_cfft_radix4_init_q15.o ABSOLUTE
    Libraries\DSP_Lib\Source\Cortex-M4-M3\TransformFunctions\arm_cfft_radix4_q15.c 0x00000000   Number         0  arm_cfft_radix4_q15.o ABSOLUTE
    Libraries\DSP_Lib\Source\Cortex-M4-M3\TransformFunctions\arm_dct4_init_q15.c 0x00000000   Number         0  arm_dct4_init_q15.o ABSOLUTE
    Libraries\DSP_Lib\Source\Cortex-M4-M3\TransformFunctions\arm_dct4_q15.c 0x00000000   Number         0  arm_dct4_q15.o ABSOLUTE
    Libraries\DSP_Lib\Source\Cortex-M4-M3\TransformFunctions\arm_rfft_init_q15.c 0x00000000   Number         0  arm_rfft_init_q15.o ABSOLUTE
    Libraries\DSP_Lib\Source\Cortex-M4-M3\TransformFunctions\arm_rfft_q15.c 0x00000000   Number         0  arm_rfft_q15.o ABSOLUTE
    Libraries\STM32F10x_StdPeriph_Driver\src\stm32f10x_adc.c 0x00000000   Number         0  stm32f10x_adc.o ABSOLUTE
    Libraries\STM32F10x_StdPeriph_Driver\src\stm32f10x_dma.c 0x00000000   Number         0  stm32f10x_dma.o ABSOLUTE
    Libraries\STM32F10x_StdPeriph_Driver\src\stm32f10x_gpio.c 0x00000000   Number         0  stm32f10x_gpio.o ABSOLUTE
    Libraries\STM32F10x_StdPeriph_Driver\src\stm32f10x_rcc.c 0x00000000   Number         0  stm32f10x_rcc.o ABSOLUTE
    Libraries\\CMSIS\\CM3\\CoreSupport\\core_cm3.c 0x00000000   Number         0  core_cm3.o ABSOLUTE
    Libraries\\DSP_Lib\\Source\\Cortex-M4-M3\\BasicMathFunctions\\arm_mult_q15.c 0x00000000   Number         0  arm_mult_q15.o ABSOLUTE
    Libraries\\DSP_Lib\\Source\\Cortex-M4-M3\\BasicMathFunctions\\arm_shift_q15.c 0x00000000   Number         0  arm_shift_q15.o ABSOLUTE
    Libraries\\DSP_Lib\\Source\\Cortex-M4-M3\\CommonTables\\arm_common_tables.c 0x00000000   Number         0  arm_common_tables.o ABSOLUTE
    Libraries\\DSP_Lib\\Source\\Cortex-M4-M3\\ComplexMathFunctions\\arm_cmplx_mult_cmplx_q15.c 0x00000000   Number         0  arm_cmplx_mult_cmplx_q15.o ABSOLUTE
    Libraries\\DSP_Lib\\Source\\Cortex-M4-M3\\FastMathFunctions\\arm_sin_f32.c 0x00000000   Number         0  arm_sin_f32.o ABSOLUTE
    Libraries\\DSP_Lib\\Source\\Cortex-M4-M3\\SupportFunctions\\arm_float_to_q15.c 0x00000000   Number         0  arm_float_to_q15.o ABSOLUTE
    Libraries\\DSP_Lib\\Source\\Cortex-M4-M3\\TransformFunctions\\arm_cfft_radix4_init_q15.c 0x00000000   Number         0  arm_cfft_radix4_init_q15.o ABSOLUTE
    Libraries\\DSP_Lib\\Source\\Cortex-M4-M3\\TransformFunctions\\arm_cfft_radix4_q15.c 0x00000000   Number         0  arm_cfft_radix4_q15.o ABSOLUTE
    Libraries\\DSP_Lib\\Source\\Cortex-M4-M3\\TransformFunctions\\arm_dct4_init_q15.c 0x00000000   Number         0  arm_dct4_init_q15.o ABSOLUTE
    Libraries\\DSP_Lib\\Source\\Cortex-M4-M3\\TransformFunctions\\arm_dct4_q15.c 0x00000000   Number         0  arm_dct4_q15.o ABSOLUTE
    Libraries\\DSP_Lib\\Source\\Cortex-M4-M3\\TransformFunctions\\arm_rfft_init_q15.c 0x00000000   Number         0  arm_rfft_init_q15.o ABSOLUTE
    Libraries\\DSP_Lib\\Source\\Cortex-M4-M3\\TransformFunctions\\arm_rfft_q15.c 0x00000000   Number         0  arm_rfft_q15.o ABSOLUTE
    Libraries\\STM32F10x_StdPeriph_Driver\\src\\stm32f10x_adc.c 0x00000000   Number         0  stm32f10x_adc.o ABSOLUTE
    Libraries\\STM32F10x_StdPeriph_Driver\\src\\stm32f10x_dma.c 0x00000000   Number         0  stm32f10x_dma.o ABSOLUTE
    Libraries\\STM32F10x_StdPeriph_Driver\\src\\stm32f10x_gpio.c 0x00000000   Number         0  stm32f10x_gpio.o ABSOLUTE
    Libraries\\STM32F10x_StdPeriph_Driver\\src\\stm32f10x_rcc.c 0x00000000   Number         0  stm32f10x_rcc.o ABSOLUTE
    Retarget.c                               0x00000000   Number         0  retarget.o ABSOLUTE
    Retarget.c                               0x00000000   Number         0  retarget.o ABSOLUTE
    cdcmple.s                                0x00000000   Number         0  cdcmple.o ABSOLUTE
    cdrcmple.s                               0x00000000   Number         0  cdrcmple.o ABSOLUTE
    cfcmple.s                                0x00000000   Number         0  cfcmple.o ABSOLUTE
    cfrcmple.s                               0x00000000   Number         0  cfrcmple.o ABSOLUTE
    dc.s                                     0x00000000   Number         0  dc.o ABSOLUTE
    handlers.s                               0x00000000   Number         0  handlers.o ABSOLUTE
    init.s                                   0x00000000   Number         0  init.o ABSOLUTE
    itoa.c                                   0x00000000   Number         0  itoa.o ABSOLUTE
    lcd_lib.c                                0x00000000   Number         0  lcd_lib.o ABSOLUTE
    lcd_lib.c                                0x00000000   Number         0  lcd_lib.o ABSOLUTE
    main.c                                   0x00000000   Number         0  main.o ABSOLUTE
    main.c                                   0x00000000   Number         0  main.o ABSOLUTE
    minunit\\minunit.c                       0x00000000   Number         0  minunit.o ABSOLUTE
    minunit\minunit.c                        0x00000000   Number         0  minunit.o ABSOLUTE
    stm32f10x_it.c                           0x00000000   Number         0  stm32f10x_it.o ABSOLUTE
    stm32f10x_it.c                           0x00000000   Number         0  stm32f10x_it.o ABSOLUTE
    system_stm32f10x.c                       0x00000000   Number         0  system_stm32f10x.o ABSOLUTE
    system_stm32f10x.c                       0x00000000   Number         0  system_stm32f10x.o ABSOLUTE
    RESET                                    0x08000000   Section      236  startup_stm32f10x_md.o(RESET)
    .ARM.Collect$$$$00000000                 0x080000ec   Section        0  entry.o(.ARM.Collect$$$$00000000)
    .ARM.Collect$$$$00000001                 0x080000ec   Section        4  entry2.o(.ARM.Collect$$$$00000001)
    .ARM.Collect$$$$00000004                 0x080000f0   Section        4  entry5.o(.ARM.Collect$$$$00000004)
    .ARM.Collect$$$$00000008                 0x080000f4   Section        0  entry7b.o(.ARM.Collect$$$$00000008)
    .ARM.Collect$$$$00000009                 0x080000f4   Section        8  entry8.o(.ARM.Collect$$$$00000009)
    .ARM.Collect$$$$00002712                 0x080000fc   Section        4  entry2.o(.ARM.Collect$$$$00002712)
    __lit__00000000                          0x080000fc   Data           4  entry2.o(.ARM.Collect$$$$00002712)
    .text                                    0x08000100   Section        0  main.o(.text)
    arm_sqrt_f32                             0x08000101   Thumb Code   328  main.o(.text)
    .text                                    0x08000988   Section        0  stm32f10x_it.o(.text)
    .text                                    0x080009ac   Section        0  lcd_lib.o(.text)
    .text                                    0x08000c4c   Section        0  itoa.o(.text)
    .text                                    0x08000ca8   Section        0  retarget.o(.text)
    ITM_SendChar                             0x08000ca9   Thumb Code    42  retarget.o(.text)
    .text                                    0x08000d04   Section        0  system_stm32f10x.o(.text)
    SetSysClockTo72                          0x08000d05   Thumb Code   192  system_stm32f10x.o(.text)
    SetSysClock                              0x08000dc5   Thumb Code     8  system_stm32f10x.o(.text)
    .text                                    0x08000ecc   Section        0  stm32f10x_rcc.o(.text)
    .text                                    0x0800126c   Section        0  stm32f10x_gpio.o(.text)
    .text                                    0x080015c4   Section        0  stm32f10x_dma.o(.text)
    .text                                    0x08001814   Section        0  stm32f10x_adc.o(.text)
    .text                                    0x08001c50   Section       36  startup_stm32f10x_md.o(.text)
    .text                                    0x08001c74   Section        0  arm_cfft_radix4_init_q15.o(.text)
    .text                                    0x08001ce4   Section        0  arm_cfft_radix4_q15.o(.text)
    __QADD16                                 0x08001ce5   Thumb Code    36  arm_cfft_radix4_q15.o(.text)
    __SHADD16                                0x08001d09   Thumb Code    32  arm_cfft_radix4_q15.o(.text)
    __QSUB16                                 0x08001d29   Thumb Code    36  arm_cfft_radix4_q15.o(.text)
    __SHSUB16                                0x08001d4d   Thumb Code    32  arm_cfft_radix4_q15.o(.text)
    __QASX                                   0x08001d6d   Thumb Code    44  arm_cfft_radix4_q15.o(.text)
    __SHASX                                  0x08001d99   Thumb Code    32  arm_cfft_radix4_q15.o(.text)
    __QSAX                                   0x08001db9   Thumb Code    44  arm_cfft_radix4_q15.o(.text)
    __SHSAX                                  0x08001de5   Thumb Code    32  arm_cfft_radix4_q15.o(.text)
    clip_q31_to_q15                          0x08002621   Thumb Code    24  arm_cfft_radix4_q15.o(.text)
    __SMUSDX                                 0x08002639   Thumb Code    20  arm_cfft_radix4_q15.o(.text)
    __SMUADX                                 0x0800264d   Thumb Code    20  arm_cfft_radix4_q15.o(.text)
    __SMUAD                                  0x08002661   Thumb Code    20  arm_cfft_radix4_q15.o(.text)
    __SMUSD                                  0x08002675   Thumb Code    22  arm_cfft_radix4_q15.o(.text)
    .text                                    0x0800268c   Section        0  arm_rfft_init_q15.o(.text)
    .text                                    0x08002718   Section        0  arm_rfft_q15.o(.text)
    __SMLAD                                  0x08002951   Thumb Code    22  arm_rfft_q15.o(.text)
    __SMUSD                                  0x08002967   Thumb Code    22  arm_rfft_q15.o(.text)
    .text                                    0x0800297c   Section        0  arm_float_to_q15.o(.text)
    .text                                    0x08002a1a   Section        0  fadd.o(.text)
    .text                                    0x08002aca   Section        0  fmul.o(.text)
    .text                                    0x08002b36   Section        0  fdiv.o(.text)
    .text                                    0x08002bb6   Section        0  dmul.o(.text)
    .text                                    0x08002c96   Section        0  fflti.o(.text)
    .text                                    0x08002ca8   Section        0  ffltui.o(.text)
    .text                                    0x08002cb2   Section        0  ffixi.o(.text)
    .text                                    0x08002ce4   Section        0  dfixi.o(.text)
    .text                                    0x08002d22   Section        0  f2d.o(.text)
    .text                                    0x08002d4e   Section        0  d2f.o(.text)
    .text                                    0x08002d88   Section       20  cfcmple.o(.text)
    .text                                    0x08002d9c   Section       20  cfrcmple.o(.text)
    .text                                    0x08002db0   Section        0  llushr.o(.text)
    .text                                    0x08002dd0   Section        0  iusefp.o(.text)
    .text                                    0x08002dd0   Section        0  fepilogue.o(.text)
    .text                                    0x08002e3c   Section        0  depilogue.o(.text)
    .text                                    0x08002efa   Section        0  dadd.o(.text)
    .text                                    0x08003046   Section        0  ddiv.o(.text)
    .text                                    0x08003124   Section        0  dscalb.o(.text)
    .text                                    0x08003152   Section        0  dflti.o(.text)
    .text                                    0x08003174   Section       36  init.o(.text)
    .text                                    0x08003198   Section        0  llshl.o(.text)
    .text                                    0x080031b6   Section        0  llsshr.o(.text)
    .text                                    0x080031dc   Section       40  cdcmple.o(.text)
    i.__0printf$bare                         0x08003204   Section        0  printfb.o(i.__0printf$bare)
    i.__kernel_poly                          0x08003214   Section        0  poly.o(i.__kernel_poly)
    i.__scatterload_copy                     0x080032be   Section       14  handlers.o(i.__scatterload_copy)
    i.__scatterload_null                     0x080032cc   Section        2  handlers.o(i.__scatterload_null)
    i.__scatterload_zeroinit                 0x080032ce   Section       14  handlers.o(i.__scatterload_zeroinit)
    i.__set_errno                            0x080032dc   Section        0  errno.o(i.__set_errno)
    i._printf_core                           0x080032e8   Section        0  printfb.o(i._printf_core)
    _printf_core                             0x080032e9   Thumb Code    34  printfb.o(i._printf_core)
    i.log                                    0x0800330c   Section        0  log.o(i.log)
    i.log10                                  0x08003678   Section        0  log10.o(i.log10)
    .constdata                               0x08003770   Section     4096  arm_cfft_radix4_init_q15.o(.constdata)
    twiddleCoefQ15                           0x08003770   Data        4096  arm_cfft_radix4_init_q15.o(.constdata)
    .constdata                               0x08004770   Section     8192  arm_rfft_init_q15.o(.constdata)
    realCoefAQ15                             0x08004770   Data        4096  arm_rfft_init_q15.o(.constdata)
    realCoefBQ15                             0x08005770   Data        4096  arm_rfft_init_q15.o(.constdata)
    .constdata                               0x08006770   Section      896  arm_common_tables.o(.constdata)
    .constdata                               0x08006af0   Section       56  log.o(.constdata)
    Lg2                                      0x08006af0   Data          24  log.o(.constdata)
    Lg                                       0x08006b08   Data          32  log.o(.constdata)
    .constdata                               0x08006b28   Section        8  qnan.o(.constdata)
    .conststring                             0x08006b30   Section       36  main.o(.conststring)
    .data                                    0x20000000   Section      182  main.o(.data)
    .data                                    0x200000b8   Section        8  retarget.o(.data)
    .data                                    0x200000c0   Section       20  system_stm32f10x.o(.data)
    .data                                    0x200000d4   Section       20  stm32f10x_rcc.o(.data)
    APBAHBPrescTable                         0x200000d4   Data          16  stm32f10x_rcc.o(.data)
    ADCPrescTable                            0x200000e4   Data           4  stm32f10x_rcc.o(.data)
    .data                                    0x200000e8   Section        4  errno.o(.data)
    _errno                                   0x200000e8   Data           4  errno.o(.data)
    .bss                                     0x200000ec   Section    12352  main.o(.bss)
    .bss                                     0x2000312c   Section       20  itoa.o(.bss)
    buffer                                   0x2000312c   Data          20  itoa.o(.bss)
    STACK                                    0x20003140   Section     1024  startup_stm32f10x_md.o(STACK)

    Global Symbols

    Symbol Name                              Value     Ov Type        Size  Object(Section)

    BuildAttributes$$THM_ISAv4$P$D$K$B$S$PE$A:L22UL41UL21$X:L11$S22US41US21$IEEE1$IW$USESV6$~STKCKD$USESV7$~SHL$OTIME$ROPI$IEEEJ$EBA8$MICROLIB$REQ8$PRES8$EABIv2 0x00000000   Number         0  anon$$obj.o ABSOLUTE
    __ARM_use_no_argv                        0x00000000   Number         0  main.o ABSOLUTE
    __use_no_errno                           0x00000000   Number         0  useno.o ABSOLUTE
    __use_no_exception_handling              0x00000000   Number         0  useno.o ABSOLUTE
    __use_no_fp                              0x00000000   Number         0  useno.o ABSOLUTE
    __use_no_heap                            0x00000000   Number         0  useno.o ABSOLUTE
    __use_no_heap_region                     0x00000000   Number         0  useno.o ABSOLUTE
    __use_no_semihosting                     0x00000000   Number         0  useno.o ABSOLUTE
    __use_no_semihosting_swi                 0x00000000   Number         0  useno.o ABSOLUTE
    __use_no_signal_handling                 0x00000000   Number         0  useno.o ABSOLUTE
    __decompress                              - Undefined Weak Reference
    _clock_init                               - Undefined Weak Reference
    __Vectors_Size                           0x000000ec   Number         0  startup_stm32f10x_md.o ABSOLUTE
    __Vectors                                0x08000000   Data           4  startup_stm32f10x_md.o(RESET)
    __Vectors_End                            0x080000ec   Data           0  startup_stm32f10x_md.o(RESET)
    __main                                   0x080000ed   Thumb Code     0  entry.o(.ARM.Collect$$$$00000000)
    _main_stk                                0x080000ed   Thumb Code     0  entry2.o(.ARM.Collect$$$$00000001)
    _main_scatterload                        0x080000f1   Thumb Code     0  entry5.o(.ARM.Collect$$$$00000004)
    __main_after_scatterload                 0x080000f5   Thumb Code     0  entry5.o(.ARM.Collect$$$$00000004)
    _main_clock                              0x080000f5   Thumb Code     0  entry7b.o(.ARM.Collect$$$$00000008)
    _main_init                               0x080000f5   Thumb Code     0  entry8.o(.ARM.Collect$$$$00000009)
    DisplayFreq                              0x08000249   Thumb Code    48  main.o(.text)
    BinSearch                                0x08000279   Thumb Code    96  main.o(.text)
    GetNoteInfo                              0x080002d9   Thumb Code   184  main.o(.text)
    FindPeak                                 0x08000391   Thumb Code   192  main.o(.text)
    ConvertToDecibels                        0x08000451   Thumb Code    80  main.o(.text)
    Delay                                    0x080004a1   Thumb Code    16  main.o(.text)
    GetBattLvl                               0x080004b1   Thumb Code    66  main.o(.text)
    DisplayBatteryLevel                      0x080004f3   Thumb Code    70  main.o(.text)
    ADC_Conf                                 0x08000539   Thumb Code   130  main.o(.text)
    DMA_Conf                                 0x080005bb   Thumb Code    76  main.o(.text)
    main                                     0x08000607   Thumb Code   732  main.o(.text)
    TimingDelay_Decrement                    0x080008e3   Thumb Code    24  main.o(.text)
    NMI_Handler                              0x08000989   Thumb Code     2  stm32f10x_it.o(.text)
    HardFault_Handler                        0x0800098b   Thumb Code     4  stm32f10x_it.o(.text)
    MemManage_Handler                        0x0800098f   Thumb Code     4  stm32f10x_it.o(.text)
    BusFault_Handler                         0x08000993   Thumb Code     4  stm32f10x_it.o(.text)
    UsageFault_Handler                       0x08000997   Thumb Code     4  stm32f10x_it.o(.text)
    SVC_Handler                              0x0800099b   Thumb Code     2  stm32f10x_it.o(.text)
    DebugMon_Handler                         0x0800099d   Thumb Code     2  stm32f10x_it.o(.text)
    PendSV_Handler                           0x0800099f   Thumb Code     2  stm32f10x_it.o(.text)
    SysTick_Handler                          0x080009a1   Thumb Code     8  stm32f10x_it.o(.text)
    PVD_IRQHandler                           0x080009a9   Thumb Code     2  stm32f10x_it.o(.text)
    LCD_SendNibble                           0x080009ad   Thumb Code    98  lcd_lib.o(.text)
    LCD_WriteCommon                          0x08000a0f   Thumb Code    44  lcd_lib.o(.text)
    LCD_WriteCtrl                            0x08000a3b   Thumb Code    46  lcd_lib.o(.text)
    LCD_WriteData                            0x08000a69   Thumb Code    34  lcd_lib.o(.text)
    LCD_Init                                 0x08000a8b   Thumb Code   140  lcd_lib.o(.text)
    LCD_WriteString                          0x08000b17   Thumb Code    40  lcd_lib.o(.text)
    LCD_WriteNumber                          0x08000b3f   Thumb Code    20  lcd_lib.o(.text)
    LCD_WriteDecimal                         0x08000b53   Thumb Code   168  lcd_lib.o(.text)
    LCD_GotoXY                               0x08000bfb   Thumb Code    66  lcd_lib.o(.text)
    itoa                                     0x08000c4d   Thumb Code    86  itoa.o(.text)
    fputc                                    0x08000cd3   Thumb Code    14  retarget.o(.text)
    fgetc                                    0x08000ce1   Thumb Code     6  retarget.o(.text)
    ferror                                   0x08000ce7   Thumb Code     8  retarget.o(.text)
    _ttywrch                                 0x08000cef   Thumb Code    12  retarget.o(.text)
    _sys_exit                                0x08000cfb   Thumb Code     4  retarget.o(.text)
    SystemInit                               0x08000dcd   Thumb Code    78  system_stm32f10x.o(.text)
    SystemCoreClockUpdate                    0x08000e1b   Thumb Code   142  system_stm32f10x.o(.text)
    RCC_DeInit                               0x08000ecd   Thumb Code    64  stm32f10x_rcc.o(.text)
    RCC_HSEConfig                            0x08000f0d   Thumb Code    70  stm32f10x_rcc.o(.text)
    RCC_GetFlagStatus                        0x08000f53   Thumb Code    56  stm32f10x_rcc.o(.text)
    RCC_WaitForHSEStartUp                    0x08000f8b   Thumb Code    48  stm32f10x_rcc.o(.text)
    RCC_AdjustHSICalibrationValue            0x08000fbb   Thumb Code    20  stm32f10x_rcc.o(.text)
    RCC_HSICmd                               0x08000fcf   Thumb Code     6  stm32f10x_rcc.o(.text)
    RCC_PLLConfig                            0x08000fd5   Thumb Code    24  stm32f10x_rcc.o(.text)
    RCC_PLLCmd                               0x08000fed   Thumb Code     6  stm32f10x_rcc.o(.text)
    RCC_SYSCLKConfig                         0x08000ff3   Thumb Code    18  stm32f10x_rcc.o(.text)
    RCC_GetSYSCLKSource                      0x08001005   Thumb Code    10  stm32f10x_rcc.o(.text)
    RCC_HCLKConfig                           0x0800100f   Thumb Code    18  stm32f10x_rcc.o(.text)
    RCC_PCLK1Config                          0x08001021   Thumb Code    18  stm32f10x_rcc.o(.text)
    RCC_PCLK2Config                          0x08001033   Thumb Code    20  stm32f10x_rcc.o(.text)
    RCC_ITConfig                             0x08001047   Thumb Code    30  stm32f10x_rcc.o(.text)
    RCC_USBCLKConfig                         0x08001065   Thumb Code     6  stm32f10x_rcc.o(.text)
    RCC_ADCCLKConfig                         0x0800106b   Thumb Code    18  stm32f10x_rcc.o(.text)
    RCC_LSEConfig                            0x0800107d   Thumb Code    44  stm32f10x_rcc.o(.text)
    RCC_LSICmd                               0x080010a9   Thumb Code     6  stm32f10x_rcc.o(.text)
    RCC_RTCCLKConfig                         0x080010af   Thumb Code    12  stm32f10x_rcc.o(.text)
    RCC_RTCCLKCmd                            0x080010bb   Thumb Code     8  stm32f10x_rcc.o(.text)
    RCC_GetClocksFreq                        0x080010c3   Thumb Code   192  stm32f10x_rcc.o(.text)
    RCC_AHBPeriphClockCmd                    0x08001183   Thumb Code    26  stm32f10x_rcc.o(.text)
    RCC_APB2PeriphClockCmd                   0x0800119d   Thumb Code    26  stm32f10x_rcc.o(.text)
    RCC_APB1PeriphClockCmd                   0x080011b7   Thumb Code    26  stm32f10x_rcc.o(.text)
    RCC_APB2PeriphResetCmd                   0x080011d1   Thumb Code    26  stm32f10x_rcc.o(.text)
    RCC_APB1PeriphResetCmd                   0x080011eb   Thumb Code    26  stm32f10x_rcc.o(.text)
    RCC_BackupResetCmd                       0x08001205   Thumb Code     8  stm32f10x_rcc.o(.text)
    RCC_ClockSecuritySystemCmd               0x0800120d   Thumb Code     6  stm32f10x_rcc.o(.text)
    RCC_MCOConfig                            0x08001213   Thumb Code     6  stm32f10x_rcc.o(.text)
    RCC_ClearFlag                            0x08001219   Thumb Code    14  stm32f10x_rcc.o(.text)
    RCC_GetITStatus                          0x08001227   Thumb Code    20  stm32f10x_rcc.o(.text)
    RCC_ClearITPendingBit                    0x0800123b   Thumb Code     6  stm32f10x_rcc.o(.text)
    GPIO_DeInit                              0x0800126d   Thumb Code   172  stm32f10x_gpio.o(.text)
    GPIO_AFIODeInit                          0x08001319   Thumb Code    20  stm32f10x_gpio.o(.text)
    GPIO_Init                                0x0800132d   Thumb Code   274  stm32f10x_gpio.o(.text)
    GPIO_StructInit                          0x0800143f   Thumb Code    16  stm32f10x_gpio.o(.text)
    GPIO_ReadInputDataBit                    0x0800144f   Thumb Code    18  stm32f10x_gpio.o(.text)
    GPIO_ReadInputData                       0x08001461   Thumb Code     8  stm32f10x_gpio.o(.text)
    GPIO_ReadOutputDataBit                   0x08001469   Thumb Code    18  stm32f10x_gpio.o(.text)
    GPIO_ReadOutputData                      0x0800147b   Thumb Code     8  stm32f10x_gpio.o(.text)
    GPIO_SetBits                             0x08001483   Thumb Code     4  stm32f10x_gpio.o(.text)
    GPIO_ResetBits                           0x08001487   Thumb Code     4  stm32f10x_gpio.o(.text)
    GPIO_WriteBit                            0x0800148b   Thumb Code    10  stm32f10x_gpio.o(.text)
    GPIO_Write                               0x08001495   Thumb Code     4  stm32f10x_gpio.o(.text)
    GPIO_PinLockConfig                       0x08001499   Thumb Code    18  stm32f10x_gpio.o(.text)
    GPIO_EventOutputConfig                   0x080014ab   Thumb Code    26  stm32f10x_gpio.o(.text)
    GPIO_EventOutputCmd                      0x080014c5   Thumb Code     6  stm32f10x_gpio.o(.text)
    GPIO_PinRemapConfig                      0x080014cb   Thumb Code   138  stm32f10x_gpio.o(.text)
    GPIO_EXTILineConfig                      0x08001555   Thumb Code    66  stm32f10x_gpio.o(.text)
    GPIO_ETH_MediaInterfaceConfig            0x08001597   Thumb Code     6  stm32f10x_gpio.o(.text)
    DMA_DeInit                               0x080015c5   Thumb Code   324  stm32f10x_dma.o(.text)
    DMA_Init                                 0x08001709   Thumb Code    60  stm32f10x_dma.o(.text)
    DMA_StructInit                           0x08001745   Thumb Code    26  stm32f10x_dma.o(.text)
    DMA_Cmd                                  0x0800175f   Thumb Code    24  stm32f10x_dma.o(.text)
    DMA_ITConfig                             0x08001777   Thumb Code    18  stm32f10x_dma.o(.text)
    DMA_SetCurrDataCounter                   0x08001789   Thumb Code     4  stm32f10x_dma.o(.text)
    DMA_GetCurrDataCounter                   0x0800178d   Thumb Code     8  stm32f10x_dma.o(.text)
    DMA_GetFlagStatus                        0x08001795   Thumb Code    38  stm32f10x_dma.o(.text)
    DMA_ClearFlag                            0x080017bb   Thumb Code    22  stm32f10x_dma.o(.text)
    DMA_GetITStatus                          0x080017d1   Thumb Code    38  stm32f10x_dma.o(.text)
    DMA_ClearITPendingBit                    0x080017f7   Thumb Code    22  stm32f10x_dma.o(.text)
    ADC_DeInit                               0x08001815   Thumb Code    78  stm32f10x_adc.o(.text)
    ADC_Init                                 0x08001863   Thumb Code    70  stm32f10x_adc.o(.text)
    ADC_StructInit                           0x080018a9   Thumb Code    18  stm32f10x_adc.o(.text)
    ADC_Cmd                                  0x080018bb   Thumb Code    22  stm32f10x_adc.o(.text)
    ADC_DMACmd                               0x080018d1   Thumb Code    22  stm32f10x_adc.o(.text)
    ADC_ITConfig                             0x080018e7   Thumb Code    24  stm32f10x_adc.o(.text)
    ADC_ResetCalibration                     0x080018ff   Thumb Code    10  stm32f10x_adc.o(.text)
    ADC_GetResetCalibrationStatus            0x08001909   Thumb Code    20  stm32f10x_adc.o(.text)
    ADC_StartCalibration                     0x0800191d   Thumb Code    10  stm32f10x_adc.o(.text)
    ADC_GetCalibrationStatus                 0x08001927   Thumb Code    20  stm32f10x_adc.o(.text)
    ADC_SoftwareStartConvCmd                 0x0800193b   Thumb Code    22  stm32f10x_adc.o(.text)
    ADC_GetSoftwareStartConvStatus           0x08001951   Thumb Code    20  stm32f10x_adc.o(.text)
    ADC_DiscModeChannelCountConfig           0x08001965   Thumb Code    24  stm32f10x_adc.o(.text)
    ADC_DiscModeCmd                          0x0800197d   Thumb Code    22  stm32f10x_adc.o(.text)
    ADC_RegularChannelConfig                 0x08001993   Thumb Code   184  stm32f10x_adc.o(.text)
    ADC_ExternalTrigConvCmd                  0x08001a4b   Thumb Code    22  stm32f10x_adc.o(.text)
    ADC_GetConversionValue                   0x08001a61   Thumb Code     8  stm32f10x_adc.o(.text)
    ADC_GetDualModeConversionValue           0x08001a69   Thumb Code     8  stm32f10x_adc.o(.text)
    ADC_AutoInjectedConvCmd                  0x08001a71   Thumb Code    22  stm32f10x_adc.o(.text)
    ADC_InjectedDiscModeCmd                  0x08001a87   Thumb Code    22  stm32f10x_adc.o(.text)
    ADC_ExternalTrigInjectedConvConfig       0x08001a9d   Thumb Code    16  stm32f10x_adc.o(.text)
    ADC_ExternalTrigInjectedConvCmd          0x08001aad   Thumb Code    22  stm32f10x_adc.o(.text)
    ADC_SoftwareStartInjectedConvCmd         0x08001ac3   Thumb Code    22  stm32f10x_adc.o(.text)
    ADC_GetSoftwareStartInjectedConvCmdStatus 0x08001ad9   Thumb Code    20  stm32f10x_adc.o(.text)
    ADC_InjectedChannelConfig                0x08001aed   Thumb Code   130  stm32f10x_adc.o(.text)
    ADC_InjectedSequencerLengthConfig        0x08001b6f   Thumb Code    24  stm32f10x_adc.o(.text)
    ADC_SetInjectedOffset                    0x08001b87   Thumb Code    12  stm32f10x_adc.o(.text)
    ADC_GetInjectedConversionValue           0x08001b93   Thumb Code    18  stm32f10x_adc.o(.text)
    ADC_AnalogWatchdogCmd                    0x08001ba5   Thumb Code    16  stm32f10x_adc.o(.text)
    ADC_AnalogWatchdogThresholdsConfig       0x08001bb5   Thumb Code     6  stm32f10x_adc.o(.text)
    ADC_AnalogWatchdogSingleChannelConfig    0x08001bbb   Thumb Code    16  stm32f10x_adc.o(.text)
    ADC_TempSensorVrefintCmd                 0x08001bcb   Thumb Code    38  stm32f10x_adc.o(.text)
    ADC_GetFlagStatus                        0x08001bf1   Thumb Code    44  stm32f10x_adc.o(.text)
    ADC_ClearFlag                            0x08001c1d   Thumb Code     6  stm32f10x_adc.o(.text)
    ADC_GetITStatus                          0x08001c23   Thumb Code    36  stm32f10x_adc.o(.text)
    ADC_ClearITPendingBit                    0x08001c47   Thumb Code    10  stm32f10x_adc.o(.text)
    Reset_Handler                            0x08001c51   Thumb Code     8  startup_stm32f10x_md.o(.text)
    ADC1_2_IRQHandler                        0x08001c6b   Thumb Code     0  startup_stm32f10x_md.o(.text)
    CAN1_RX1_IRQHandler                      0x08001c6b   Thumb Code     0  startup_stm32f10x_md.o(.text)
    CAN1_SCE_IRQHandler                      0x08001c6b   Thumb Code     0  startup_stm32f10x_md.o(.text)
    DMA1_Channel1_IRQHandler                 0x08001c6b   Thumb Code     0  startup_stm32f10x_md.o(.text)
    DMA1_Channel2_IRQHandler                 0x08001c6b   Thumb Code     0  startup_stm32f10x_md.o(.text)
    DMA1_Channel3_IRQHandler                 0x08001c6b   Thumb Code     0  startup_stm32f10x_md.o(.text)
    DMA1_Channel4_IRQHandler                 0x08001c6b   Thumb Code     0  startup_stm32f10x_md.o(.text)
    DMA1_Channel5_IRQHandler                 0x08001c6b   Thumb Code     0  startup_stm32f10x_md.o(.text)
    DMA1_Channel6_IRQHandler                 0x08001c6b   Thumb Code     0  startup_stm32f10x_md.o(.text)
    DMA1_Channel7_IRQHandler                 0x08001c6b   Thumb Code     0  startup_stm32f10x_md.o(.text)
    EXTI0_IRQHandler                         0x08001c6b   Thumb Code     0  startup_stm32f10x_md.o(.text)
    EXTI15_10_IRQHandler                     0x08001c6b   Thumb Code     0  startup_stm32f10x_md.o(.text)
    EXTI1_IRQHandler                         0x08001c6b   Thumb Code     0  startup_stm32f10x_md.o(.text)
    EXTI2_IRQHandler                         0x08001c6b   Thumb Code     0  startup_stm32f10x_md.o(.text)
    EXTI3_IRQHandler                         0x08001c6b   Thumb Code     0  startup_stm32f10x_md.o(.text)
    EXTI4_IRQHandler                         0x08001c6b   Thumb Code     0  startup_stm32f10x_md.o(.text)
    EXTI9_5_IRQHandler                       0x08001c6b   Thumb Code     0  startup_stm32f10x_md.o(.text)
    FLASH_IRQHandler                         0x08001c6b   Thumb Code     0  startup_stm32f10x_md.o(.text)
    I2C1_ER_IRQHandler                       0x08001c6b   Thumb Code     0  startup_stm32f10x_md.o(.text)
    I2C1_EV_IRQHandler                       0x08001c6b   Thumb Code     0  startup_stm32f10x_md.o(.text)
    I2C2_ER_IRQHandler                       0x08001c6b   Thumb Code     0  startup_stm32f10x_md.o(.text)
    I2C2_EV_IRQHandler                       0x08001c6b   Thumb Code     0  startup_stm32f10x_md.o(.text)
    RCC_IRQHandler                           0x08001c6b   Thumb Code     0  startup_stm32f10x_md.o(.text)
    RTCAlarm_IRQHandler                      0x08001c6b   Thumb Code     0  startup_stm32f10x_md.o(.text)
    RTC_IRQHandler                           0x08001c6b   Thumb Code     0  startup_stm32f10x_md.o(.text)
    SPI1_IRQHandler                          0x08001c6b   Thumb Code     0  startup_stm32f10x_md.o(.text)
    SPI2_IRQHandler                          0x08001c6b   Thumb Code     0  startup_stm32f10x_md.o(.text)
    TAMPER_IRQHandler                        0x08001c6b   Thumb Code     0  startup_stm32f10x_md.o(.text)
    TIM1_BRK_IRQHandler                      0x08001c6b   Thumb Code     0  startup_stm32f10x_md.o(.text)
    TIM1_CC_IRQHandler                       0x08001c6b   Thumb Code     0  startup_stm32f10x_md.o(.text)
    TIM1_TRG_COM_IRQHandler                  0x08001c6b   Thumb Code     0  startup_stm32f10x_md.o(.text)
    TIM1_UP_IRQHandler                       0x08001c6b   Thumb Code     0  startup_stm32f10x_md.o(.text)
    TIM2_IRQHandler                          0x08001c6b   Thumb Code     0  startup_stm32f10x_md.o(.text)
    TIM3_IRQHandler                          0x08001c6b   Thumb Code     0  startup_stm32f10x_md.o(.text)
    TIM4_IRQHandler                          0x08001c6b   Thumb Code     0  startup_stm32f10x_md.o(.text)
    USART1_IRQHandler                        0x08001c6b   Thumb Code     0  startup_stm32f10x_md.o(.text)
    USART2_IRQHandler                        0x08001c6b   Thumb Code     0  startup_stm32f10x_md.o(.text)
    USART3_IRQHandler                        0x08001c6b   Thumb Code     0  startup_stm32f10x_md.o(.text)
    USBWakeUp_IRQHandler                     0x08001c6b   Thumb Code     0  startup_stm32f10x_md.o(.text)
    USB_HP_CAN1_TX_IRQHandler                0x08001c6b   Thumb Code     0  startup_stm32f10x_md.o(.text)
    USB_LP_CAN1_RX0_IRQHandler               0x08001c6b   Thumb Code     0  startup_stm32f10x_md.o(.text)
    WWDG_IRQHandler                          0x08001c6b   Thumb Code     0  startup_stm32f10x_md.o(.text)
    arm_cfft_radix4_init_q15                 0x08001c75   Thumb Code   102  arm_cfft_radix4_init_q15.o(.text)
    arm_bitreversal_q15                      0x08001e05   Thumb Code   134  arm_cfft_radix4_q15.o(.text)
    arm_radix4_butterfly_q15                 0x08001e8b   Thumb Code   942  arm_cfft_radix4_q15.o(.text)
    arm_radix4_butterfly_inverse_q15         0x08002239   Thumb Code   942  arm_cfft_radix4_q15.o(.text)
    arm_cfft_radix4_q15                      0x080025e7   Thumb Code    58  arm_cfft_radix4_q15.o(.text)
    arm_rfft_init_q15                        0x0800268d   Thumb Code   130  arm_rfft_init_q15.o(.text)
    arm_split_rfft_q15                       0x08002719   Thumb Code   284  arm_rfft_q15.o(.text)
    arm_split_rifft_q15                      0x08002835   Thumb Code   164  arm_rfft_q15.o(.text)
    arm_rfft_q15                             0x080028d9   Thumb Code   120  arm_rfft_q15.o(.text)
    arm_float_to_q15                         0x0800297d   Thumb Code   158  arm_float_to_q15.o(.text)
    __aeabi_fadd                             0x08002a1b   Thumb Code   164  fadd.o(.text)
    __aeabi_fsub                             0x08002abf   Thumb Code     6  fadd.o(.text)
    __aeabi_frsub                            0x08002ac5   Thumb Code     6  fadd.o(.text)
    __aeabi_fmul                             0x08002acb   Thumb Code   108  fmul.o(.text)
    __aeabi_fdiv                             0x08002b37   Thumb Code   128  fdiv.o(.text)
    __aeabi_dmul                             0x08002bb7   Thumb Code   224  dmul.o(.text)
    __aeabi_i2f                              0x08002c97   Thumb Code    18  fflti.o(.text)
    __aeabi_ui2f                             0x08002ca9   Thumb Code    10  ffltui.o(.text)
    __aeabi_f2iz                             0x08002cb3   Thumb Code    50  ffixi.o(.text)
    __aeabi_d2iz                             0x08002ce5   Thumb Code    62  dfixi.o(.text)
    __aeabi_f2d                              0x08002d23   Thumb Code    44  f2d.o(.text)
    __aeabi_d2f                              0x08002d4f   Thumb Code    56  d2f.o(.text)
    __aeabi_cfcmpeq                          0x08002d89   Thumb Code     0  cfcmple.o(.text)
    __aeabi_cfcmple                          0x08002d89   Thumb Code    20  cfcmple.o(.text)
    __aeabi_cfrcmple                         0x08002d9d   Thumb Code    20  cfrcmple.o(.text)
    __aeabi_llsr                             0x08002db1   Thumb Code    32  llushr.o(.text)
    _ll_ushift_r                             0x08002db1   Thumb Code     0  llushr.o(.text)
    __I$use$fp                               0x08002dd1   Thumb Code     0  iusefp.o(.text)
    _float_round                             0x08002dd1   Thumb Code    18  fepilogue.o(.text)
    _float_epilogue                          0x08002de3   Thumb Code    90  fepilogue.o(.text)
    _double_round                            0x08002e3d   Thumb Code    26  depilogue.o(.text)
    _double_epilogue                         0x08002e57   Thumb Code   164  depilogue.o(.text)
    __aeabi_dadd                             0x08002efb   Thumb Code   320  dadd.o(.text)
    __aeabi_dsub                             0x0800303b   Thumb Code     6  dadd.o(.text)
    __aeabi_drsub                            0x08003041   Thumb Code     6  dadd.o(.text)
    __aeabi_ddiv                             0x08003047   Thumb Code   222  ddiv.o(.text)
    __ARM_scalbn                             0x08003125   Thumb Code    46  dscalb.o(.text)
    scalbn                                   0x08003125   Thumb Code     0  dscalb.o(.text)
    __aeabi_i2d                              0x08003153   Thumb Code    34  dflti.o(.text)
    __scatterload                            0x08003175   Thumb Code    28  init.o(.text)
    __scatterload_rt2                        0x08003175   Thumb Code     0  init.o(.text)
    __aeabi_llsl                             0x08003199   Thumb Code    30  llshl.o(.text)
    _ll_shift_l                              0x08003199   Thumb Code     0  llshl.o(.text)
    __aeabi_lasr                             0x080031b7   Thumb Code    36  llsshr.o(.text)
    _ll_sshift_r                             0x080031b7   Thumb Code     0  llsshr.o(.text)
    __aeabi_cdcmpeq                          0x080031dd   Thumb Code     0  cdcmple.o(.text)
    __aeabi_cdcmple                          0x080031dd   Thumb Code    38  cdcmple.o(.text)
    __0printf$bare                           0x08003205   Thumb Code     8  printfb.o(i.__0printf$bare)
    __1printf$bare                           0x08003205   Thumb Code     0  printfb.o(i.__0printf$bare)
    __2printf                                0x08003205   Thumb Code     0  printfb.o(i.__0printf$bare)
    __kernel_poly                            0x08003215   Thumb Code   170  poly.o(i.__kernel_poly)
    __scatterload_copy                       0x080032bf   Thumb Code    14  handlers.o(i.__scatterload_copy)
    __scatterload_null                       0x080032cd   Thumb Code     2  handlers.o(i.__scatterload_null)
    __scatterload_zeroinit                   0x080032cf   Thumb Code    14  handlers.o(i.__scatterload_zeroinit)
    __set_errno                              0x080032dd   Thumb Code     6  errno.o(i.__set_errno)
    log                                      0x0800330d   Thumb Code   820  log.o(i.log)
    log10                                    0x08003679   Thumb Code   214  log10.o(i.log10)
    armBitRevTable                           0x08006770   Data         512  arm_common_tables.o(.constdata)
    armRecipTableQ15                         0x08006970   Data         128  arm_common_tables.o(.constdata)
    armRecipTableQ31                         0x080069f0   Data         256  arm_common_tables.o(.constdata)
    __mathlib_zero                           0x08006b28   Data           8  qnan.o(.constdata)
    Region$$Table$$Base                      0x08006b54   Number         0  anon$$obj.o(Region$$Table)
    Region$$Table$$Limit                     0x08006b74   Number         0  anon$$obj.o(Region$$Table)
    ifftFlag                                 0x20000000   Data           4  main.o(.data)
    doBitReverse                             0x20000004   Data           4  main.o(.data)
    sampleCounter                            0x20000008   Data           4  main.o(.data)
    adcMicVal                                0x2000000c   Data           4  main.o(.data)
    isSampleTaken                            0x20000010   Data           4  main.o(.data)
    peak                                     0x20000014   Data           2  main.o(.data)
    result                                   0x20000016   Data           1  main.o(.data)
    state                                    0x20000017   Data           1  main.o(.data)
    tabHz                                    0x20000018   Data          96  main.o(.data)
    tabNote                                  0x20000078   Data          48  main.o(.data)
    GPIO_InitStructure                       0x200000a8   Data           4  main.o(.data)
    TimingDelay                              0x200000ac   Data           4  main.o(.data)
    ADCVal                                   0x200000b0   Data           4  main.o(.data)
    hzIndex                                  0x200000b4   Data           1  main.o(.data)
    noteIndex                                0x200000b5   Data           1  main.o(.data)
    __stdout                                 0x200000b8   Data           4  retarget.o(.data)
    __stdin                                  0x200000bc   Data           4  retarget.o(.data)
    SystemCoreClock                          0x200000c0   Data           4  system_stm32f10x.o(.data)
    AHBPrescTable                            0x200000c4   Data          16  system_stm32f10x.o(.data)
    ADC_InitStructure                        0x200000ec   Data          20  main.o(.bss)
    DMA_InitStructure                        0x20000100   Data          44  main.o(.bss)
    input                                    0x2000012c   Data        4096  main.o(.bss)
    output                                   0x2000112c   Data        8192  main.o(.bss)
    __initial_sp                             0x20003540   Data           0  startup_stm32f10x_md.o(STACK)



==============================================================================

Memory Map of the image

  Image Entry point : 0x080000ed

  Load Region LR_IROM1 (Base: 0x08000000, Size: 0x00006c60, Max: 0x00010000, ABSOLUTE)

    Execution Region ER_IROM1 (Base: 0x08000000, Size: 0x00006b74, Max: 0x00010000, ABSOLUTE)

    Base Addr    Size         Type   Attr      Idx    E Section Name        Object

    0x08000000   0x000000ec   Data   RO          378    RESET               startup_stm32f10x_md.o
    0x080000ec   0x00000000   Code   RO          689  * .ARM.Collect$$$$00000000  mc_w.l(entry.o)
    0x080000ec   0x00000004   Code   RO          988    .ARM.Collect$$$$00000001  mc_w.l(entry2.o)
    0x080000f0   0x00000004   Code   RO          991    .ARM.Collect$$$$00000004  mc_w.l(entry5.o)
    0x080000f4   0x00000000   Code   RO          993    .ARM.Collect$$$$00000008  mc_w.l(entry7b.o)
    0x080000f4   0x00000008   Code   RO          994    .ARM.Collect$$$$00000009  mc_w.l(entry8.o)
    0x080000fc   0x00000004   Code   RO          989    .ARM.Collect$$$$00002712  mc_w.l(entry2.o)
    0x08000100   0x00000888   Code   RO            3    .text               main.o
    0x08000988   0x00000022   Code   RO          152    .text               stm32f10x_it.o
    0x080009aa   0x00000002   PAD
    0x080009ac   0x000002a0   Code   RO          179    .text               lcd_lib.o
    0x08000c4c   0x0000005c   Code   RO          207    .text               itoa.o
    0x08000ca8   0x0000005c   Code   RO          226    .text               retarget.o
    0x08000d04   0x000001c8   Code   RO          260    .text               system_stm32f10x.o
    0x08000ecc   0x000003a0   Code   RO          296    .text               stm32f10x_rcc.o
    0x0800126c   0x00000358   Code   RO          318    .text               stm32f10x_gpio.o
    0x080015c4   0x00000250   Code   RO          338    .text               stm32f10x_dma.o
    0x08001814   0x0000043c   Code   RO          358    .text               stm32f10x_adc.o
    0x08001c50   0x00000024   Code   RO          379    .text               startup_stm32f10x_md.o
    0x08001c74   0x00000070   Code   RO          385    .text               arm_cfft_radix4_init_q15.o
    0x08001ce4   0x000009a6   Code   RO          414    .text               arm_cfft_radix4_q15.o
    0x0800268a   0x00000002   PAD
    0x0800268c   0x0000008c   Code   RO          479    .text               arm_rfft_init_q15.o
    0x08002718   0x00000264   Code   RO          501    .text               arm_rfft_q15.o
    0x0800297c   0x0000009e   Code   RO          623    .text               arm_float_to_q15.o
    0x08002a1a   0x000000b0   Code   RO          952    .text               mf_w.l(fadd.o)
    0x08002aca   0x0000006c   Code   RO          954    .text               mf_w.l(fmul.o)
    0x08002b36   0x00000080   Code   RO          956    .text               mf_w.l(fdiv.o)
    0x08002bb6   0x000000e0   Code   RO          958    .text               mf_w.l(dmul.o)
    0x08002c96   0x00000012   Code   RO          960    .text               mf_w.l(fflti.o)
    0x08002ca8   0x0000000a   Code   RO          962    .text               mf_w.l(ffltui.o)
    0x08002cb2   0x00000032   Code   RO          964    .text               mf_w.l(ffixi.o)
    0x08002ce4   0x0000003e   Code   RO          968    .text               mf_w.l(dfixi.o)
    0x08002d22   0x0000002c   Code   RO          970    .text               mf_w.l(f2d.o)
    0x08002d4e   0x00000038   Code   RO          972    .text               mf_w.l(d2f.o)
    0x08002d86   0x00000002   PAD
    0x08002d88   0x00000014   Code   RO          974    .text               mf_w.l(cfcmple.o)
    0x08002d9c   0x00000014   Code   RO          976    .text               mf_w.l(cfrcmple.o)
    0x08002db0   0x00000020   Code   RO          999    .text               mc_w.l(llushr.o)
    0x08002dd0   0x00000000   Code   RO         1008    .text               mc_w.l(iusefp.o)
    0x08002dd0   0x0000006c   Code   RO         1009    .text               mf_w.l(fepilogue.o)
    0x08002e3c   0x000000be   Code   RO         1011    .text               mf_w.l(depilogue.o)
    0x08002efa   0x0000014c   Code   RO         1013    .text               mf_w.l(dadd.o)
    0x08003046   0x000000de   Code   RO         1015    .text               mf_w.l(ddiv.o)
    0x08003124   0x0000002e   Code   RO         1017    .text               mf_w.l(dscalb.o)
    0x08003152   0x00000022   Code   RO         1019    .text               mf_w.l(dflti.o)
    0x08003174   0x00000024   Code   RO         1028    .text               mc_w.l(init.o)
    0x08003198   0x0000001e   Code   RO         1030    .text               mc_w.l(llshl.o)
    0x080031b6   0x00000024   Code   RO         1032    .text               mc_w.l(llsshr.o)
    0x080031da   0x00000002   PAD
    0x080031dc   0x00000028   Code   RO         1034    .text               mf_w.l(cdcmple.o)
    0x08003204   0x00000010   Code   RO          693    i.__0printf$bare    mc_w.l(printfb.o)
    0x08003214   0x000000aa   Code   RO         1025    i.__kernel_poly     m_ws.l(poly.o)
    0x080032be   0x0000000e   Code   RO         1038    i.__scatterload_copy  mc_w.l(handlers.o)
    0x080032cc   0x00000002   Code   RO         1039    i.__scatterload_null  mc_w.l(handlers.o)
    0x080032ce   0x0000000e   Code   RO         1040    i.__scatterload_zeroinit  mc_w.l(handlers.o)
    0x080032dc   0x0000000c   Code   RO         1003    i.__set_errno       mc_w.l(errno.o)
    0x080032e8   0x00000022   Code   RO          700    i._printf_core      mc_w.l(printfb.o)
    0x0800330a   0x00000002   PAD
    0x0800330c   0x0000036c   Code   RO          979    i.log               m_ws.l(log.o)
    0x08003678   0x000000f8   Code   RO          682    i.log10             m_ws.l(log10.o)
    0x08003770   0x00001000   Data   RO          386    .constdata          arm_cfft_radix4_init_q15.o
    0x08004770   0x00002000   Data   RO          480    .constdata          arm_rfft_init_q15.o
    0x08006770   0x00000380   Data   RO          524    .constdata          arm_common_tables.o
    0x08006af0   0x00000038   Data   RO          980    .constdata          m_ws.l(log.o)
    0x08006b28   0x00000008   Data   RO         1027    .constdata          m_ws.l(qnan.o)
    0x08006b30   0x00000024   Data   RO            5    .conststring        main.o
    0x08006b54   0x00000020   Data   RO         1036    Region$$Table       anon$$obj.o


    Execution Region RW_IRAM1 (Base: 0x20000000, Size: 0x00003540, Max: 0x00005000, ABSOLUTE)

    Base Addr    Size         Type   Attr      Idx    E Section Name        Object

    0x20000000   0x000000b6   Data   RW            6    .data               main.o
    0x200000b6   0x00000002   PAD
    0x200000b8   0x00000008   Data   RW          227    .data               retarget.o
    0x200000c0   0x00000014   Data   RW          261    .data               system_stm32f10x.o
    0x200000d4   0x00000014   Data   RW          297    .data               stm32f10x_rcc.o
    0x200000e8   0x00000004   Data   RW         1004    .data               mc_w.l(errno.o)
    0x200000ec   0x00003040   Zero   RW            4    .bss                main.o
    0x2000312c   0x00000014   Zero   RW          208    .bss                itoa.o
    0x20003140   0x00000400   Zero   RW          376    STACK               startup_stm32f10x_md.o


==============================================================================

Image component sizes


      Code (inc. data)   RO Data    RW Data    ZI Data      Debug   Object Name

       112         10       4096          0          0       1419   arm_cfft_radix4_init_q15.o
      2470          0          0          0          0      18540   arm_cfft_radix4_q15.o
         0          0        896          0          0        715   arm_common_tables.o
       158          0          0          0          0        747   arm_float_to_q15.o
       140         10       8192          0          0       1464   arm_rfft_init_q15.o
       612          0          0          0          0      15498   arm_rfft_q15.o
        92          6          0          0         20        863   itoa.o
       672         16          0          0          0       2362   lcd_lib.o
      2184        222         36        182      12352     281763   main.o
        92          6          0          8          0       2874   retarget.o
        36          8        236          0       1024        836   startup_stm32f10x_md.o
      1084         26          0          0          0      11001   stm32f10x_adc.o
       592          8          0          0          0       4346   stm32f10x_dma.o
       856         40          0          0          0       5713   stm32f10x_gpio.o
        34          0          0          0          0      13609   stm32f10x_it.o
       928         44          0         20          0       8848   stm32f10x_rcc.o
       456         36          0         20          0       1599   system_stm32f10x.o

    ----------------------------------------------------------------------
     10522        432      13488        232      13396     372197   Object Totals
         0          0         32          0          0          0   (incl. Generated)
         4          0          0          2          0          0   (incl. Padding)

    ----------------------------------------------------------------------

      Code (inc. data)   RO Data    RW Data    ZI Data      Debug   Library Member Name

       876         56         56          0          0        284   log.o
       248         34          0          0          0        128   log10.o
       170          0          0          0          0         96   poly.o
         0          0          8          0          0          0   qnan.o
         0          0          0          0          0          0   entry.o
         8          4          0          0          0          0   entry2.o
         4          0          0          0          0          0   entry5.o
         0          0          0          0          0          0   entry7b.o
         8          4          0          0          0          0   entry8.o
        12          6          0          4          0         68   errno.o
        30          0          0          0          0          0   handlers.o
        36          8          0          0          0         68   init.o
         0          0          0          0          0          0   iusefp.o
        30          0          0          0          0         68   llshl.o
        36          0          0          0          0         68   llsshr.o
        32          0          0          0          0         68   llushr.o
        50          8          0          0          0        152   printfb.o
        40          2          0          0          0         68   cdcmple.o
        20          0          0          0          0         68   cfcmple.o
        20          0          0          0          0         68   cfrcmple.o
        56          0          0          0          0         88   d2f.o
       332          0          0          0          0        148   dadd.o
       222          0          0          0          0        100   ddiv.o
       190          0          0          0          0        176   depilogue.o
        62          0          0          0          0         80   dfixi.o
        34          0          0          0          0         76   dflti.o
       224          0          0          0          0         96   dmul.o
        46          0          0          0          0         80   dscalb.o
        44          0          0          0          0         68   f2d.o
       176          0          0          0          0        140   fadd.o
       128          0          0          0          0         88   fdiv.o
       108          0          0          0          0        168   fepilogue.o
        50          0          0          0          0         68   ffixi.o
        18          0          0          0          0         68   fflti.o
        10          0          0          0          0         68   ffltui.o
       108          0          0          0          0         76   fmul.o

    ----------------------------------------------------------------------
      3434        122         64          4          0       2792   Library Totals
         6          0          0          0          0          0   (incl. Padding)

    ----------------------------------------------------------------------

      Code (inc. data)   RO Data    RW Data    ZI Data      Debug   Library Name

      1294         90         64          0          0        508   m_ws.l
       246         30          0          4          0        492   mc_w.l
      1888          2          0          0          0       1792   mf_w.l

    ----------------------------------------------------------------------
      3434        122         64          4          0       2792   Library Totals

    ----------------------------------------------------------------------

==============================================================================


      Code (inc. data)   RO Data    RW Data    ZI Data      Debug   

     13956        554      13552        236      13396     372285   Grand Totals
     13956        554      13552        236      13396     372285   ELF Image Totals
     13956        554      13552        236          0          0   ROM Totals

==============================================================================

    Total RO  Size (Code + RO Data)                27508 (  26.86kB)
    Total RW  Size (RW Data + ZI Data)             13632 (  13.31kB)
    Total ROM Size (Code + RO Data + RW Data)      27744 (  27.09kB)

==============================================================================

